Archive member included to satisfy reference by file (symbol)

C:/ST/STM32CubeIDE_1.13.2/STM32CubeIDE/plugins/com.st.stm32cube.ide.mcu.externaltools.gnu-tools-for-stm32.13.3.rel1.win32_1.0.0.202411081344/tools/bin/../lib/gcc/arm-none-eabi/13.3.1/../../../../arm-none-eabi/lib/thumb/v8-m.main+fp/hard\libc_nano.a(libc_a-assert.o)
                              ./Middlewares/LittleFS/Src/lfs.o (__assert_func)
C:/ST/STM32CubeIDE_1.13.2/STM32CubeIDE/plugins/com.st.stm32cube.ide.mcu.externaltools.gnu-tools-for-stm32.13.3.rel1.win32_1.0.0.202411081344/tools/bin/../lib/gcc/arm-none-eabi/13.3.1/../../../../arm-none-eabi/lib/thumb/v8-m.main+fp/hard\libc_nano.a(libc_a-exit.o)
                              C:/ST/STM32CubeIDE_1.13.2/STM32CubeIDE/plugins/com.st.stm32cube.ide.mcu.externaltools.gnu-tools-for-stm32.13.3.rel1.win32_1.0.0.202411081344/tools/bin/../lib/gcc/arm-none-eabi/13.3.1/../../../../arm-none-eabi/lib/thumb/v8-m.main+fp/hard/crt0.o (exit)
C:/ST/STM32CubeIDE_1.13.2/STM32CubeIDE/plugins/com.st.stm32cube.ide.mcu.externaltools.gnu-tools-for-stm32.13.3.rel1.win32_1.0.0.202411081344/tools/bin/../lib/gcc/arm-none-eabi/13.3.1/../../../../arm-none-eabi/lib/thumb/v8-m.main+fp/hard\libc_nano.a(libc_a-malloc.o)
                              ./Middlewares/LittleFS/Src/lfs.o (malloc)
C:/ST/STM32CubeIDE_1.13.2/STM32CubeIDE/plugins/com.st.stm32cube.ide.mcu.externaltools.gnu-tools-for-stm32.13.3.rel1.win32_1.0.0.202411081344/tools/bin/../lib/gcc/arm-none-eabi/13.3.1/../../../../arm-none-eabi/lib/thumb/v8-m.main+fp/hard\libc_nano.a(libc_a-mallocr.o)
                              C:/ST/STM32CubeIDE_1.13.2/STM32CubeIDE/plugins/com.st.stm32cube.ide.mcu.externaltools.gnu-tools-for-stm32.13.3.rel1.win32_1.0.0.202411081344/tools/bin/../lib/gcc/arm-none-eabi/13.3.1/../../../../arm-none-eabi/lib/thumb/v8-m.main+fp/hard\libc_nano.a(libc_a-malloc.o) (_malloc_r)
C:/ST/STM32CubeIDE_1.13.2/STM32CubeIDE/plugins/com.st.stm32cube.ide.mcu.externaltools.gnu-tools-for-stm32.13.3.rel1.win32_1.0.0.202411081344/tools/bin/../lib/gcc/arm-none-eabi/13.3.1/../../../../arm-none-eabi/lib/thumb/v8-m.main+fp/hard\libc_nano.a(libc_a-mlock.o)
                              C:/ST/STM32CubeIDE_1.13.2/STM32CubeIDE/plugins/com.st.stm32cube.ide.mcu.externaltools.gnu-tools-for-stm32.13.3.rel1.win32_1.0.0.202411081344/tools/bin/../lib/gcc/arm-none-eabi/13.3.1/../../../../arm-none-eabi/lib/thumb/v8-m.main+fp/hard\libc_nano.a(libc_a-mallocr.o) (__malloc_lock)
C:/ST/STM32CubeIDE_1.13.2/STM32CubeIDE/plugins/com.st.stm32cube.ide.mcu.externaltools.gnu-tools-for-stm32.13.3.rel1.win32_1.0.0.202411081344/tools/bin/../lib/gcc/arm-none-eabi/13.3.1/../../../../arm-none-eabi/lib/thumb/v8-m.main+fp/hard\libc_nano.a(libc_a-findfp.o)
                              C:/ST/STM32CubeIDE_1.13.2/STM32CubeIDE/plugins/com.st.stm32cube.ide.mcu.externaltools.gnu-tools-for-stm32.13.3.rel1.win32_1.0.0.202411081344/tools/bin/../lib/gcc/arm-none-eabi/13.3.1/../../../../arm-none-eabi/lib/thumb/v8-m.main+fp/hard\libc_nano.a(libc_a-exit.o) (__stdio_exit_handler)
C:/ST/STM32CubeIDE_1.13.2/STM32CubeIDE/plugins/com.st.stm32cube.ide.mcu.externaltools.gnu-tools-for-stm32.13.3.rel1.win32_1.0.0.202411081344/tools/bin/../lib/gcc/arm-none-eabi/13.3.1/../../../../arm-none-eabi/lib/thumb/v8-m.main+fp/hard\libc_nano.a(libc_a-fprintf.o)
                              C:/ST/STM32CubeIDE_1.13.2/STM32CubeIDE/plugins/com.st.stm32cube.ide.mcu.externaltools.gnu-tools-for-stm32.13.3.rel1.win32_1.0.0.202411081344/tools/bin/../lib/gcc/arm-none-eabi/13.3.1/../../../../arm-none-eabi/lib/thumb/v8-m.main+fp/hard\libc_nano.a(libc_a-assert.o) (fiprintf)
C:/ST/STM32CubeIDE_1.13.2/STM32CubeIDE/plugins/com.st.stm32cube.ide.mcu.externaltools.gnu-tools-for-stm32.13.3.rel1.win32_1.0.0.202411081344/tools/bin/../lib/gcc/arm-none-eabi/13.3.1/../../../../arm-none-eabi/lib/thumb/v8-m.main+fp/hard\libc_nano.a(libc_a-fwalk.o)
                              C:/ST/STM32CubeIDE_1.13.2/STM32CubeIDE/plugins/com.st.stm32cube.ide.mcu.externaltools.gnu-tools-for-stm32.13.3.rel1.win32_1.0.0.202411081344/tools/bin/../lib/gcc/arm-none-eabi/13.3.1/../../../../arm-none-eabi/lib/thumb/v8-m.main+fp/hard\libc_nano.a(libc_a-findfp.o) (_fwalk_sglue)
C:/ST/STM32CubeIDE_1.13.2/STM32CubeIDE/plugins/com.st.stm32cube.ide.mcu.externaltools.gnu-tools-for-stm32.13.3.rel1.win32_1.0.0.202411081344/tools/bin/../lib/gcc/arm-none-eabi/13.3.1/../../../../arm-none-eabi/lib/thumb/v8-m.main+fp/hard\libc_nano.a(libc_a-printf.o)
                              ./Middlewares/LittleFS/Src/lfs.o (printf)
C:/ST/STM32CubeIDE_1.13.2/STM32CubeIDE/plugins/com.st.stm32cube.ide.mcu.externaltools.gnu-tools-for-stm32.13.3.rel1.win32_1.0.0.202411081344/tools/bin/../lib/gcc/arm-none-eabi/13.3.1/../../../../arm-none-eabi/lib/thumb/v8-m.main+fp/hard\libc_nano.a(libc_a-stdio.o)
[...]
Memory Configuration

Name             Origin             Length             Attributes
RAM              0x20000000         0x000a0000         xrw
FLASH            0x08000000         0x00200000         xr
*default*        0x00000000         0xffffffff

Linker script and memory map

LOAD C:/ST/STM32CubeIDE_1.13.2/STM32CubeIDE/plugins/com.st.stm32cube.ide.mcu.externaltools.gnu-tools-for-stm32.13.3.rel1.win32_1.0.0.202411081344/tools/bin/../lib/gcc/arm-none-eabi/13.3.1/thumb/v8-m.main+fp/hard/crti.o
LOAD C:/ST/STM32CubeIDE_1.13.2/STM32CubeIDE/plugins/com.st.stm32cube.ide.mcu.externaltools.gnu-tools-for-stm32.13.3.rel1.win32_1.0.0.202411081344/tools/bin/../lib/gcc/arm-none-eabi/13.3.1/thumb/v8-m.main+fp/hard/crtbegin.o
LOAD C:/ST/STM32CubeIDE_1.13.2/STM32CubeIDE/plugins/com.st.stm32cube.ide.mcu.externaltools.gnu-tools-for-stm32.13.3.rel1.win32_1.0.0.202411081344/tools/bin/../lib/gcc/arm-none-eabi/13.3.1/../../../../arm-none-eabi/lib/thumb/v8-m.main+fp/hard/crt0.o
LOAD ./Application/User/Core/gpio.o
LOAD ./Application/User/Core/icache.o
LOAD ./Application/User/Core/lfs_config.o
LOAD ./Application/User/Core/main.o
LOAD ./Application/User/Core/memorymap.o
LOAD ./Application/User/Core/octospi.o
LOAD ./Application/User/Core/stm32h5xx_hal_msp.o
LOAD ./Application/User/Core/stm32h5xx_it.o
LOAD ./Application/User/Core/syscalls.o
LOAD ./Application/User/Core/sysmem.o
LOAD ./Application/User/Core/usart.o
LOAD ./Application/User/Core/xspi_driver.o
LOAD ./Application/User/Startup/startup_stm32h573iikxq.o
LOAD ./Drivers/BSP/Components/cs42l51/cs42l51.o
LOAD ./Drivers/BSP/Components/cs42l51/cs42l51_reg.o
LOAD ./Drivers/BSP/Components/ft6x06/ft6x06.o
LOAD ./Drivers/BSP/Components/ft6x06/ft6x06_reg.o
LOAD ./Drivers/BSP/Components/lan8742/lan8742.o
LOAD ./Drivers/BSP/Components/mx25lm51245g/mx25lm51245g.o
LOAD ./Drivers/BSP/Components/st7789h2/st7789h2.o
LOAD ./Drivers/BSP/Components/st7789h2/st7789h2_reg.o
LOAD ./Drivers/BSP/Components/tcpp0203/tcpp0203.o
LOAD ./Drivers/BSP/Components/tcpp0203/tcpp0203_reg.o
LOAD ./Drivers/BSP/STM32H573I-DK/stm32h573i_discovery.o
LOAD ./Drivers/BSP/STM32H573I-DK/stm32h573i_discovery_ospi.o
LOAD ./Drivers/CMSIS/system_stm32h5xx.o
LOAD ./Drivers/STM32H5xx_HAL_Driver/stm32h5xx_hal.o
LOAD ./Drivers/STM32H5xx_HAL_Driver/stm32h5xx_hal_cortex.o
LOAD ./Drivers/STM32H5xx_HAL_Driver/stm32h5xx_hal_dma.o
LOAD ./Drivers/STM32H5xx_HAL_Driver/stm32h5xx_hal_dma_ex.o
LOAD ./Drivers/STM32H5xx_HAL_Driver/stm32h5xx_hal_exti.o
LOAD ./Drivers/STM32H5xx_HAL_Driver/stm32h5xx_hal_flash.o
LOAD ./Drivers/STM32H5xx_HAL_Driver/stm32h5xx_hal_flash_ex.o
LOAD ./Drivers/STM32H5xx_HAL_Driver/stm32h5xx_hal_gpio.o
LOAD ./Drivers/STM32H5xx_HAL_Driver/stm32h5xx_hal_icache.o
LOAD ./Drivers/STM32H5xx_HAL_Driver/stm32h5xx_hal_pwr.o
LOAD ./Drivers/STM32H5xx_HAL_Driver/stm32h5xx_hal_pwr_ex.o
LOAD ./Drivers/STM32H5xx_HAL_Driver/stm32h5xx_hal_rcc.o
LOAD ./Drivers/STM32H5xx_HAL_Driver/stm32h5xx_hal_rcc_ex.o
LOAD ./Drivers/STM32H5xx_HAL_Driver/stm32h5xx_hal_uart.o
LOAD ./Drivers/STM32H5xx_HAL_Driver/stm32h5xx_hal_uart_ex.o
LOAD ./Drivers/STM32H5xx_HAL_Driver/stm32h5xx_hal_xspi.o
LOAD ./Drivers/STM32H5xx_HAL_Driver/stm32h5xx_ll_dlyb.o
LOAD ./Middlewares/LittleFS/Src/lfs.o
LOAD ./Middlewares/LittleFS/Src/lfs_util.o
START GROUP
LOAD C:/ST/STM32CubeIDE_1.13.2/STM32CubeIDE/plugins/com.st.stm32cube.ide.mcu.externaltools.gnu-tools-for-stm32.13.3.rel1.win32_1.0.0.202411081344/tools/bin/../lib/gcc/arm-none-eabi/13.3.1/../../../../arm-none-eabi/lib/thumb/v8-m.main+fp/hard\libc_nano.a
LOAD C:/ST/STM32CubeIDE_1.13.2/STM32CubeIDE/plugins/com.st.stm32cube.ide.mcu.externaltools.gnu-tools-for-stm32.13.3.rel1.win32_1.0.0.202411081344/tools/bin/../lib/gcc/arm-none-eabi/13.3.1/../../../../arm-none-eabi/lib/thumb/v8-m.main+fp/hard\libm.a
END GROUP
START GROUP
LOAD C:/ST/STM32CubeIDE_1.13.2/STM32CubeIDE/plugins/com.st.stm32cube.ide.mcu.externaltools.gnu-tools-for-stm32.13.3.rel1.win32_1.0.0.202411081344/tools/bin/../lib/gcc/arm-none-eabi/13.3.1/thumb/v8-m.main+fp/hard\libgcc.a
LOAD C:/ST/STM32CubeIDE_1.13.2/STM32CubeIDE/plugins/com.st.stm32cube.ide.mcu.externaltools.gnu-tools-for-stm32.13.3.rel1.win32_1.0.0.202411081344/tools/bin/../lib/gcc/arm-none-eabi/13.3.1/../../../../arm-none-eabi/lib/thumb/v8-m.main+fp/hard\libc_nano.a
END GROUP
START GROUP
LOAD C:/ST/STM32CubeIDE_1.13.2/STM32CubeIDE/plugins/com.st.stm32cube.ide.mcu.externaltools.gnu-tools-for-stm32.13.3.rel1.win32_1.0.0.202411081344/tools/bin/../lib/gcc/arm-none-eabi/13.3.1/thumb/v8-m.main+fp/hard\libgcc.a
LOAD C:/ST/STM32CubeIDE_1.13.2/STM32CubeIDE/plugins/com.st.stm32cube.ide.mcu.externaltools.gnu-tools-for-stm32.13.3.rel1.win32_1.0.0.202411081344/tools/bin/../lib/gcc/arm-none-eabi/13.3.1/../../../../arm-none-eabi/lib/thumb/v8-m.main+fp/hard\libc_nano.a
LOAD C:/ST/STM32CubeIDE_1.13.2/STM32CubeIDE/plugins/com.st.stm32cube.ide.mcu.externaltools.gnu-tools-for-stm32.13.3.rel1.win32_1.0.0.202411081344/tools/bin/../lib/gcc/arm-none-eabi/13.3.1/../../../../arm-none-eabi/lib/thumb/v8-m.main+fp/hard\libnosys.a
END GROUP
START GROUP
LOAD C:/ST/STM32CubeIDE_1.13.2/STM32CubeIDE/plugins/com.st.stm32cube.ide.mcu.externaltools.gnu-tools-for-stm32.13.3.rel1.win32_1.0.0.202411081344/tools/bin/../lib/gcc/arm-none-eabi/13.3.1/thumb/v8-m.main+fp/hard\libgcc.a
LOAD C:/ST/STM32CubeIDE_1.13.2/STM32CubeIDE/plugins/com.st.stm32cube.ide.mcu.externaltools.gnu-tools-for-stm32.13.3.rel1.win32_1.0.0.202411081344/tools/bin/../lib/gcc/arm-none-eabi/13.3.1/../../../../arm-none-eabi/lib/thumb/v8-m.main+fp/hard\libc_nano.a
LOAD C:/ST/STM32CubeIDE_1.13.2/STM32CubeIDE/plugins/com.st.stm32cube.ide.mcu.externaltools.gnu-tools-for-stm32.13.3.rel1.win32_1.0.0.202411081344/tools/bin/../lib/gcc/arm-none-eabi/13.3.1/../../../../arm-none-eabi/lib/thumb/v8-m.main+fp/hard\libnosys.a
END GROUP
LOAD C:/ST/STM32CubeIDE_1.13.2/STM32CubeIDE/plugins/com.st.stm32cube.ide.mcu.externaltools.gnu-tools-for-stm32.13.3.rel1.win32_1.0.0.202411081344/tools/bin/../lib/gcc/arm-none-eabi/13.3.1/thumb/v8-m.main+fp/hard/crtend.o
LOAD C:/ST/STM32CubeIDE_1.13.2/STM32CubeIDE/plugins/com.st.stm32cube.ide.mcu.externaltools.gnu-tools-for-stm32.13.3.rel1.win32_1.0.0.202411081344/tools/bin/../lib/gcc/arm-none-eabi/13.3.1/thumb/v8-m.main+fp/hard/crtn.o
                0x200a0000                        _estack = (ORIGIN (RAM) + LENGTH (RAM))
                0x00000200                        _Min_Heap_Size = 0x200
                0x00000400                        _Min_Stack_Size = 0x400

.isr_vector     0x08000000      0x24c
                0x08000000                        . = ALIGN (0x4)
 *(.isr_vector)
 .isr_vector    0x08000000      0x24c ./Application/User/Startup/startup_stm32h573iikxq.o
                0x08000000                g_pfnVectors
                0x0800024c                        . = ALIGN (0x4)

.text           0x0800024c    0x13404
                0x0800024c                        . = ALIGN (0x4)
 *(.text)
 .text          0x0800024c       0x40 C:/ST/STM32CubeIDE_1.13.2/STM32CubeIDE/plugins/com.st.stm32cube.ide.mcu.externaltools.gnu-tools-for-stm32.13.3.rel1.win32_1.0.0.202411081344/tools/bin/../lib/gcc/arm-none-eabi/13.3.1/thumb/v8-m.main+fp/hard/crtbegin.o
 .text          0x0800028c       0x10 C:/ST/STM32CubeIDE_1.13.2/STM32CubeIDE/plugins/com.st.stm32cube.ide.mcu.externaltools.gnu-tools-for-stm32.13.3.rel1.win32_1.0.0.202411081344/tools/bin/../lib/gcc/arm-none-eabi/13.3.1/../../../../arm-none-eabi/lib/thumb/v8-m.main+fp/hard\libc_nano.a(libc_a-strlen.o)
                0x0800028c                strlen
 .text          0x0800029c       0x30 C:/ST/STM32CubeIDE_1.13.2/STM32CubeIDE/plugins/com.st.stm32cube.ide.mcu.externaltools.gnu-tools-for-stm32.13.3.rel1.win32_1.0.0.202411081344/tools/bin/../lib/gcc/arm-none-eabi/13.3.1/thumb/v8-m.main+fp/hard\libgcc.a(_aeabi_uldivmod.o)
                0x0800029c                __aeabi_uldivmod
 .text          0x080002cc       0x28 C:/ST/STM32CubeIDE_1.13.2/STM32CubeIDE/plugins/com.st.stm32cube.ide.mcu.externaltools.gnu-tools-for-stm32.13.3.rel1.win32_1.0.0.202411081344/tools/bin/../lib/gcc/arm-none-eabi/13.3.1/thumb/v8-m.main+fp/hard\libgcc.a(_popcountsi2.o)
                0x080002cc                __popcountsi2
 .text          0x080002f4      0x348 C:/ST/STM32CubeIDE_1.13.2/STM32CubeIDE/plugins/com.st.stm32cube.ide.mcu.externaltools.gnu-tools-for-stm32.13.3.rel1.win32_1.0.0.202411081344/tools/bin/../lib/gcc/arm-none-eabi/13.3.1/thumb/v8-m.main+fp/hard\libgcc.a(_udivmoddi4.o)
                0x080002f4                __udivmoddi4
 .text          0x0800063c        0x4 C:/ST/STM32CubeIDE_1.13.2/STM32CubeIDE/plugins/com.st.stm32cube.ide.mcu.externaltools.gnu-tools-for-stm32.13.3.rel1.win32_1.0.0.202411081344/tools/bin/../lib/gcc/arm-none-eabi/13.3.1/thumb/v8-m.main+fp/hard\libgcc.a(_dvmd_tls.o)
                0x0800063c                __aeabi_idiv0
                0x0800063c                __aeabi_ldiv0
 *(.text*)
 .text.MX_GPIO_Init
                0x08000640      0x140 ./Application/User/Core/gpio.o
                0x08000640                MX_GPIO_Init
 .text.MX_ICACHE_Init
                0x08000780       0x16 ./Application/User/Core/icache.o
                0x08000780                MX_ICACHE_Init
 *fill*         0x08000796        0x2 
 .text.lfs_init
                0x08000798      0x12c ./Application/User/Core/lfs_config.o
                0x08000798                lfs_init
 .text.blink_led
                0x080008c4       0x50 ./Application/User/Core/main.o
                0x080008c4                blink_led
 .text.main     0x08000914      0x404 ./Application/User/Core/main.o
                0x08000914                main
 .text.SystemClock_Config
                0x08000d18       0xe4 ./Application/User/Core/main.o
                0x08000d18                SystemClock_Config
 .text.Error_Handler
                0x08000dfc       0x20 ./Application/User/Core/main.o
                0x08000dfc                Error_Handler
 .text.MX_OCTOSPI1_Init
                0x08000e1c       0x7c ./Application/User/Core/octospi.o
                0x08000e1c                MX_OCTOSPI1_Init
 .text.HAL_XSPI_MspInit
                0x08000e98      0x36c ./Application/User/Core/octospi.o
                0x08000e98                HAL_XSPI_MspInit
 .text.HAL_MspInit
                0x08001204        0xe ./Application/User/Core/stm32h5xx_hal_msp.o
                0x08001204                HAL_MspInit
 .text.NMI_Handler
                0x08001212        0x8 ./Application/User/Core/stm32h5xx_it.o
                0x08001212                NMI_Handler
 .text.HardFault_Handler
                0x0800121a        0x8 ./Application/User/Core/stm32h5xx_it.o
                0x0800121a                HardFault_Handler
 .text.MemManage_Handler
                0x08001222        0x8 ./Application/User/Core/stm32h5xx_it.o
                0x08001222                MemManage_Handler
 .text.BusFault_Handler
                0x0800122a        0x8 ./Application/User/Core/stm32h5xx_it.o
                0x0800122a                BusFault_Handler
 .text.UsageFault_Handler
                0x08001232        0x8 ./Application/User/Core/stm32h5xx_it.o
                0x08001232                UsageFault_Handler
 .text.SVC_Handler
                0x0800123a        0xe ./Application/User/Core/stm32h5xx_it.o
                0x0800123a                SVC_Handler
 .text.DebugMon_Handler
                0x08001248        0xe ./Application/User/Core/stm32h5xx_it.o
                0x08001248                DebugMon_Handler
 .text.PendSV_Handler
                0x08001256        0xe ./Application/User/Core/stm32h5xx_it.o
                0x08001256                PendSV_Handler
 .text.SysTick_Handler
                0x08001264        0xc ./Application/User/Core/stm32h5xx_it.o
                0x08001264                SysTick_Handler
 .text._getpid  0x08001270       0x10 ./Application/User/Core/syscalls.o
                0x08001270                _getpid
 .text._kill    0x08001280       0x20 ./Application/User/Core/syscalls.o
                0x08001280                _kill
 .text._exit    0x080012a0       0x16 ./Application/User/Core/syscalls.o
                0x080012a0                _exit
 .text._read    0x080012b6       0x3a ./Application/User/Core/syscalls.o
                0x080012b6                _read
 .text._write   0x080012f0       0x38 ./Application/User/Core/syscalls.o
                0x080012f0                _write
 .text._close   0x08001328       0x18 ./Application/User/Core/syscalls.o
                0x08001328                _close
 .text._fstat   0x08001340       0x20 ./Application/User/Core/syscalls.o
                0x08001340                _fstat
 .text._isatty  0x08001360       0x16 ./Application/User/Core/syscalls.o
                0x08001360                _isatty
 .text._lseek   0x08001376       0x1a ./Application/User/Core/syscalls.o
                0x08001376                _lseek
 .text._sbrk    0x08001390       0x6c ./Application/User/Core/sysmem.o
                0x08001390                _sbrk
 .text.MX_USART1_UART_Init
                0x080013fc       0x98 ./Application/User/Core/usart.o
                0x080013fc                MX_USART1_UART_Init
 .text.HAL_UART_MspInit
                0x08001494      0x11c ./Application/User/Core/usart.o
                0x08001494                HAL_UART_MspInit
 .text.xspi_read
                0x080015b0       0x40 ./Application/User/Core/xspi_driver.o
                0x080015b0                xspi_read
 .text.xspi_write
                0x080015f0       0x40 ./Application/User/Core/xspi_driver.o
                0x080015f0                xspi_write
 .text.xspi_erase
                0x08001630       0x3c ./Application/User/Core/xspi_driver.o
                0x08001630                xspi_erase
 .text.xspi_sync
                0x0800166c       0x26 ./Application/User/Core/xspi_driver.o
                0x0800166c                xspi_sync
 *fill*         0x08001692        0x2 
 .text.Reset_Handler
                0x08001694       0x50 ./Application/User/Startup/startup_stm32h573iikxq.o
                0x08001694                Reset_Handler
 .text.Default_Handler
                0x080016e4        0x2 ./Application/User/Startup/startup_stm32h573iikxq.o
                0x080016e4                EXTI2_IRQHandler
                0x080016e4                TIM8_TRG_COM_IRQHandler
                0x080016e4                TIM8_CC_IRQHandler
                0x080016e4                EXTI5_IRQHandler
                0x080016e4                I3C1_ER_IRQHandler
                0x080016e4                UART8_IRQHandler
                0x080016e4                SPI4_IRQHandler
                0x080016e4                GPDMA2_Channel1_IRQHandler
                0x080016e4                FLASH_S_IRQHandler
                0x080016e4                EXTI13_IRQHandler
                0x080016e4                TIM1_CC_IRQHandler
                0x080016e4                GPDMA2_Channel3_IRQHandler
                0x080016e4                TAMP_IRQHandler
                0x080016e4                TIM6_IRQHandler
                0x080016e4                EXTI12_IRQHandler
                0x080016e4                CORDIC_IRQHandler
                0x080016e4                USB_DRD_FS_IRQHandler
                0x080016e4                EXTI3_IRQHandler
                0x080016e4                LPTIM4_IRQHandler
                0x080016e4                GPDMA1_Channel5_IRQHandler
                0x080016e4                EXTI8_IRQHandler
                0x080016e4                GPDMA2_Channel5_IRQHandler
                0x080016e4                LPTIM2_IRQHandler
                0x080016e4                I2C3_ER_IRQHandler
                0x080016e4                GPDMA2_Channel2_IRQHandler
                0x080016e4                USART10_IRQHandler
                0x080016e4                LPTIM3_IRQHandler
                0x080016e4                EXTI0_IRQHandler
                0x080016e4                I2C2_EV_IRQHandler
                0x080016e4                FPU_IRQHandler
                0x080016e4                GPDMA1_Channel3_IRQHandler
                0x080016e4                GPDMA1_Channel7_IRQHandler
                0x080016e4                FDCAN1_IT1_IRQHandler
                0x080016e4                RAMCFG_IRQHandler
                0x080016e4                DCACHE1_IRQHandler
                0x080016e4                SPI1_IRQHandler
                0x080016e4                OCTOSPI1_IRQHandler
                0x080016e4                GPDMA1_Channel2_IRQHandler
                0x080016e4                TIM8_UP_IRQHandler
                0x080016e4                RCC_S_IRQHandler
                0x080016e4                SAI2_IRQHandler
                0x080016e4                ADC1_IRQHandler
                0x080016e4                PKA_IRQHandler
                0x080016e4                USART6_IRQHandler
                0x080016e4                EXTI15_IRQHandler
                0x080016e4                TIM17_IRQHandler
                0x080016e4                USART3_IRQHandler
                0x080016e4                RTC_IRQHandler
                0x080016e4                EXTI9_IRQHandler
                0x080016e4                LPTIM5_IRQHandler
                0x080016e4                UART5_IRQHandler
                0x080016e4                TIM4_IRQHandler
                0x080016e4                I2C1_EV_IRQHandler
                0x080016e4                GPDMA1_Channel1_IRQHandler
                0x080016e4                TIM16_IRQHandler
                0x080016e4                UART4_IRQHandler
                0x080016e4                SecureFault_Handler
                0x080016e4                TIM3_IRQHandler
                0x080016e4                RCC_IRQHandler
                0x080016e4                UART9_IRQHandler
                0x080016e4                TIM1_TRG_COM_IRQHandler
                0x080016e4                Default_Handler
                0x080016e4                FMAC_IRQHandler
                0x080016e4                CEC_IRQHandler
                0x080016e4                USART11_IRQHandler
                0x080016e4                TIM14_IRQHandler
                0x080016e4                TIM13_IRQHandler
                0x080016e4                OTFDEC1_IRQHandler
                0x080016e4                GPDMA2_Channel4_IRQHandler
                0x080016e4                SPI5_IRQHandler
                0x080016e4                TIM12_IRQHandler
                0x080016e4                TIM7_IRQHandler
                0x080016e4                SDMMC1_IRQHandler
                0x080016e4                SAES_IRQHandler
                0x080016e4                TIM5_IRQHandler
                0x080016e4                UCPD1_IRQHandler
                0x080016e4                GPDMA1_Channel0_IRQHandler
                0x080016e4                I3C1_EV_IRQHandler
                0x080016e4                TIM15_IRQHandler
                0x080016e4                PVD_AVD_IRQHandler
                0x080016e4                I2C3_EV_IRQHandler
                0x080016e4                ETH_WKUP_IRQHandler
                0x080016e4                ADC2_IRQHandler
                0x080016e4                SPI2_IRQHandler
                0x080016e4                EXTI14_IRQHandler
                0x080016e4                EXTI11_IRQHandler
                0x080016e4                CRS_IRQHandler
                0x080016e4                EXTI4_IRQHandler
                0x080016e4                GPDMA2_Channel0_IRQHandler
                0x080016e4                RTC_S_IRQHandler
                0x080016e4                RNG_IRQHandler
                0x080016e4                FDCAN2_IT1_IRQHandler
                0x080016e4                ETH_IRQHandler
                0x080016e4                GPDMA2_Channel6_IRQHandler
                0x080016e4                TIM1_UP_IRQHandler
                0x080016e4                UART12_IRQHandler
                0x080016e4                WWDG_IRQHandler
                0x080016e4                SPI6_IRQHandler
                0x080016e4                I2C4_EV_IRQHandler
                0x080016e4                FDCAN2_IT0_IRQHandler
                0x080016e4                IWDG_IRQHandler
                0x080016e4                LPUART1_IRQHandler
                0x080016e4                FDCAN1_IT0_IRQHandler
                0x080016e4                TIM2_IRQHandler
                0x080016e4                GPDMA1_Channel4_IRQHandler
                0x080016e4                EXTI7_IRQHandler
                0x080016e4                TIM1_BRK_IRQHandler
                0x080016e4                EXTI1_IRQHandler
                0x080016e4                SDMMC2_IRQHandler
                0x080016e4                AES_IRQHandler
                0x080016e4                LPTIM6_IRQHandler
                0x080016e4                DAC1_IRQHandler
                0x080016e4                DTS_IRQHandler
                0x080016e4                UART7_IRQHandler
                0x080016e4                GTZC_IRQHandler
                0x080016e4                USART2_IRQHandler
                0x080016e4                GPDMA1_Channel6_IRQHandler
                0x080016e4                GPDMA2_Channel7_IRQHandler
                0x080016e4                I2C2_ER_IRQHandler
                0x080016e4                TIM8_BRK_IRQHandler
                0x080016e4                FLASH_IRQHandler
                0x080016e4                USART1_IRQHandler
                0x080016e4                EXTI10_IRQHandler
                0x080016e4                SPI3_IRQHandler
                0x080016e4                I2C1_ER_IRQHandler
                0x080016e4                FMC_IRQHandler
                0x080016e4                EXTI6_IRQHandler
                0x080016e4                LPTIM1_IRQHandler
                0x080016e4                DCMI_PSSI_IRQHandler
                0x080016e4                I2C4_ER_IRQHandler
                0x080016e4                ICACHE_IRQHandler
                0x080016e4                SAI1_IRQHandler
                0x080016e4                HASH_IRQHandler
 .text.MX25LM51245G_GetFlashInfo
                0x080016e6       0x5e ./Drivers/BSP/Components/mx25lm51245g/mx25lm51245g.o
                0x080016e6                MX25LM51245G_GetFlashInfo
 .text.MX25LM51245G_AutoPollingMemReady
                0x08001744      0x164 ./Drivers/BSP/Components/mx25lm51245g/mx25lm51245g.o
                0x08001744                MX25LM51245G_AutoPollingMemReady
 .text.MX25LM51245G_ReadSTR
                0x080018a8      0x112 ./Drivers/BSP/Components/mx25lm51245g/mx25lm51245g.o
                0x080018a8                MX25LM51245G_ReadSTR
 .text.MX25LM51245G_ReadDTR
                0x080019ba       0xac ./Drivers/BSP/Components/mx25lm51245g/mx25lm51245g.o
                0x080019ba                MX25LM51245G_ReadDTR
 .text.MX25LM51245G_PageProgram
                0x08001a66      0x108 ./Drivers/BSP/Components/mx25lm51245g/mx25lm51245g.o
                0x08001a66                MX25LM51245G_PageProgram
 .text.MX25LM51245G_PageProgramDTR
                0x08001b6e       0xaa ./Drivers/BSP/Components/mx25lm51245g/mx25lm51245g.o
                0x08001b6e                MX25LM51245G_PageProgramDTR
 .text.MX25LM51245G_BlockErase
                0x08001c18      0x136 ./Drivers/BSP/Components/mx25lm51245g/mx25lm51245g.o
                0x08001c18                MX25LM51245G_BlockErase
 .text.MX25LM51245G_WriteEnable
                0x08001d4e      0x1a0 ./Drivers/BSP/Components/mx25lm51245g/mx25lm51245g.o
                0x08001d4e                MX25LM51245G_WriteEnable
 .text.MX25LM51245G_WriteCfg2Register
                0x08001eee      0x12a ./Drivers/BSP/Components/mx25lm51245g/mx25lm51245g.o
                0x08001eee                MX25LM51245G_WriteCfg2Register
 .text.MX25LM51245G_ReadCfg2Register
                0x08002018      0x13e ./Drivers/BSP/Components/mx25lm51245g/mx25lm51245g.o
                0x08002018                MX25LM51245G_ReadCfg2Register
 .text.MX25LM51245G_ResetEnable
                0x08002156       0xb0 ./Drivers/BSP/Components/mx25lm51245g/mx25lm51245g.o
                0x08002156                MX25LM51245G_ResetEnable
 .text.MX25LM51245G_ResetMemory
                0x08002206       0xb0 ./Drivers/BSP/Components/mx25lm51245g/mx25lm51245g.o
                0x08002206                MX25LM51245G_ResetMemory
 *fill*         0x080022b6        0x2 
 .text.BSP_OSPI_NOR_Init
                0x080022b8      0x134 ./Drivers/BSP/STM32H573I-DK/stm32h573i_discovery_ospi.o
                0x080022b8                BSP_OSPI_NOR_Init
 .text.MX_OSPI_NOR_Init
                0x080023ec       0x8c ./Drivers/BSP/STM32H573I-DK/stm32h573i_discovery_ospi.o
                0x080023ec                MX_OSPI_NOR_Init
 .text.BSP_OSPI_NOR_Read
                0x08002478       0xac ./Drivers/BSP/STM32H573I-DK/stm32h573i_discovery_ospi.o
                0x08002478                BSP_OSPI_NOR_Read
 .text.BSP_OSPI_NOR_Write
                0x08002524      0x1cc ./Drivers/BSP/STM32H573I-DK/stm32h573i_discovery_ospi.o
                0x08002524                BSP_OSPI_NOR_Write
 .text.BSP_OSPI_NOR_Erase_Block
                0x080026f0       0xfc ./Drivers/BSP/STM32H573I-DK/stm32h573i_discovery_ospi.o
                0x080026f0                BSP_OSPI_NOR_Erase_Block
 .text.BSP_OSPI_NOR_ConfigFlash
                0x080027ec      0x118 ./Drivers/BSP/STM32H573I-DK/stm32h573i_discovery_ospi.o
                0x080027ec                BSP_OSPI_NOR_ConfigFlash
 .text.OSPI_NOR_MspInit
                0x08002904      0x304 ./Drivers/BSP/STM32H573I-DK/stm32h573i_discovery_ospi.o
 .text.OSPI_NOR_ResetMemory
                0x08002c08      0x168 ./Drivers/BSP/STM32H573I-DK/stm32h573i_discovery_ospi.o
 .text.OSPI_NOR_EnterDOPIMode
                0x08002d70      0x1cc ./Drivers/BSP/STM32H573I-DK/stm32h573i_discovery_ospi.o
 .text.OSPI_NOR_EnterSOPIMode
                0x08002f3c      0x184 ./Drivers/BSP/STM32H573I-DK/stm32h573i_discovery_ospi.o
 .text.OSPI_NOR_ExitOPIMode
                0x080030c0      0x160 ./Drivers/BSP/STM32H573I-DK/stm32h573i_discovery_ospi.o
 .text.OSPI1_DLYB_Enable
                0x08003220       0x4c ./Drivers/BSP/STM32H573I-DK/stm32h573i_discovery_ospi.o
 .text.SystemInit
                0x0800326c       0xf8 ./Drivers/CMSIS/system_stm32h5xx.o
                0x0800326c                SystemInit
 .text.HAL_Init
                0x08003364       0x50 ./Drivers/STM32H5xx_HAL_Driver/stm32h5xx_hal.o
                0x08003364                HAL_Init
 .text.HAL_InitTick
                0x080033b4       0xec ./Drivers/STM32H5xx_HAL_Driver/stm32h5xx_hal.o
                0x080033b4                HAL_InitTick
 .text.HAL_IncTick
                0x080034a0       0x28 ./Drivers/STM32H5xx_HAL_Driver/stm32h5xx_hal.o
                0x080034a0                HAL_IncTick
 .text.HAL_GetTick
                0x080034c8       0x18 ./Drivers/STM32H5xx_HAL_Driver/stm32h5xx_hal.o
                0x080034c8                HAL_GetTick
 .text.HAL_Delay
                0x080034e0       0x48 ./Drivers/STM32H5xx_HAL_Driver/stm32h5xx_hal.o
                0x080034e0                HAL_Delay
 .text.__NVIC_SetPriorityGrouping
                0x08003528       0x48 ./Drivers/STM32H5xx_HAL_Driver/stm32h5xx_hal_cortex.o
 .text.__NVIC_GetPriorityGrouping
                0x08003570       0x1c ./Drivers/STM32H5xx_HAL_Driver/stm32h5xx_hal_cortex.o
 .text.__NVIC_SetPriority
                0x0800358c       0x54 ./Drivers/STM32H5xx_HAL_Driver/stm32h5xx_hal_cortex.o
 .text.NVIC_EncodePriority
                0x080035e0       0x66 ./Drivers/STM32H5xx_HAL_Driver/stm32h5xx_hal_cortex.o
 .text.HAL_NVIC_SetPriorityGrouping
                0x08003646       0x16 ./Drivers/STM32H5xx_HAL_Driver/stm32h5xx_hal_cortex.o
                0x08003646                HAL_NVIC_SetPriorityGrouping
 .text.HAL_NVIC_SetPriority
                0x0800365c       0x34 ./Drivers/STM32H5xx_HAL_Driver/stm32h5xx_hal_cortex.o
                0x0800365c                HAL_NVIC_SetPriority
 .text.HAL_SYSTICK_Config
                0x08003690       0x44 ./Drivers/STM32H5xx_HAL_Driver/stm32h5xx_hal_cortex.o
                0x08003690                HAL_SYSTICK_Config
 .text.HAL_SYSTICK_CLKSourceConfig
                0x080036d4       0xb0 ./Drivers/STM32H5xx_HAL_Driver/stm32h5xx_hal_cortex.o
                0x080036d4                HAL_SYSTICK_CLKSourceConfig
 .text.HAL_SYSTICK_GetCLKSourceConfig
                0x08003784       0x6c ./Drivers/STM32H5xx_HAL_Driver/stm32h5xx_hal_cortex.o
                0x08003784                HAL_SYSTICK_GetCLKSourceConfig
 .text.HAL_DMA_Abort
                0x080037f0       0xf8 ./Drivers/STM32H5xx_HAL_Driver/stm32h5xx_hal_dma.o
                0x080037f0                HAL_DMA_Abort
 .text.HAL_GPIO_Init
                0x080038e8      0x2bc ./Drivers/STM32H5xx_HAL_Driver/stm32h5xx_hal_gpio.o
                0x080038e8                HAL_GPIO_Init
 .text.HAL_GPIO_WritePin
                0x08003ba4       0x30 ./Drivers/STM32H5xx_HAL_Driver/stm32h5xx_hal_gpio.o
                0x08003ba4                HAL_GPIO_WritePin
 .text.HAL_GPIO_TogglePin
                0x08003bd4       0x34 ./Drivers/STM32H5xx_HAL_Driver/stm32h5xx_hal_gpio.o
                0x08003bd4                HAL_GPIO_TogglePin
 .text.HAL_GPIO_EnableHighSPeedLowVoltage
                0x08003c08       0x24 ./Drivers/STM32H5xx_HAL_Driver/stm32h5xx_hal_gpio.o
                0x08003c08                HAL_GPIO_EnableHighSPeedLowVoltage
 .text.HAL_ICACHE_Enable
                0x08003c2c       0x20 ./Drivers/STM32H5xx_HAL_Driver/stm32h5xx_hal_icache.o
                0x08003c2c                HAL_ICACHE_Enable
 .text.HAL_RCC_OscConfig
                0x08003c4c      0x870 ./Drivers/STM32H5xx_HAL_Driver/stm32h5xx_hal_rcc.o
                0x08003c4c                HAL_RCC_OscConfig
 .text.HAL_RCC_ClockConfig
                0x080044bc      0x370 ./Drivers/STM32H5xx_HAL_Driver/stm32h5xx_hal_rcc.o
                0x080044bc                HAL_RCC_ClockConfig
 .text.HAL_RCC_GetSysClockFreq
                0x0800482c      0x258 ./Drivers/STM32H5xx_HAL_Driver/stm32h5xx_hal_rcc.o
                0x0800482c                HAL_RCC_GetSysClockFreq
 .text.HAL_RCC_GetHCLKFreq
                0x08004a84       0x38 ./Drivers/STM32H5xx_HAL_Driver/stm32h5xx_hal_rcc.o
                0x08004a84                HAL_RCC_GetHCLKFreq
 .text.HAL_RCC_GetPCLK1Freq
                0x08004abc       0x2c ./Drivers/STM32H5xx_HAL_Driver/stm32h5xx_hal_rcc.o
                0x08004abc                HAL_RCC_GetPCLK1Freq
 .text.HAL_RCC_GetPCLK2Freq
                0x08004ae8       0x2c ./Drivers/STM32H5xx_HAL_Driver/stm32h5xx_hal_rcc.o
                0x08004ae8                HAL_RCC_GetPCLK2Freq
 .text.HAL_RCC_GetPCLK3Freq
                0x08004b14       0x2c ./Drivers/STM32H5xx_HAL_Driver/stm32h5xx_hal_rcc.o
                0x08004b14                HAL_RCC_GetPCLK3Freq
 .text.HAL_RCCEx_PeriphCLKConfig
                0x08004b40     0x1f14 ./Drivers/STM32H5xx_HAL_Driver/stm32h5xx_hal_rcc_ex.o
                0x08004b40                HAL_RCCEx_PeriphCLKConfig
 .text.HAL_RCCEx_GetPLL1ClockFreq
                0x08006a54      0x2d8 ./Drivers/STM32H5xx_HAL_Driver/stm32h5xx_hal_rcc_ex.o
                0x08006a54                HAL_RCCEx_GetPLL1ClockFreq
 .text.HAL_RCCEx_GetPLL2ClockFreq
                0x08006d2c      0x2d8 ./Drivers/STM32H5xx_HAL_Driver/stm32h5xx_hal_rcc_ex.o
                0x08006d2c                HAL_RCCEx_GetPLL2ClockFreq
 .text.HAL_RCCEx_GetPLL3ClockFreq
                0x08007004      0x2d8 ./Drivers/STM32H5xx_HAL_Driver/stm32h5xx_hal_rcc_ex.o
                0x08007004                HAL_RCCEx_GetPLL3ClockFreq
 .text.HAL_RCCEx_GetPeriphCLKFreq
                0x080072dc     0x26b4 ./Drivers/STM32H5xx_HAL_Driver/stm32h5xx_hal_rcc_ex.o
                0x080072dc                HAL_RCCEx_GetPeriphCLKFreq
 .text.RCCEx_PLL2_Config
                0x08009990      0x130 ./Drivers/STM32H5xx_HAL_Driver/stm32h5xx_hal_rcc_ex.o
 .text.RCCEx_PLL3_Config
                0x08009ac0      0x130 ./Drivers/STM32H5xx_HAL_Driver/stm32h5xx_hal_rcc_ex.o
 .text.HAL_UART_Init
                0x08009bf0       0xa0 ./Drivers/STM32H5xx_HAL_Driver/stm32h5xx_hal_uart.o
                0x08009bf0                HAL_UART_Init
 .text.HAL_UART_Transmit
                0x08009c90      0x13c ./Drivers/STM32H5xx_HAL_Driver/stm32h5xx_hal_uart.o
                0x08009c90                HAL_UART_Transmit
 .text.UART_SetConfig
                0x08009dcc      0x3dc ./Drivers/STM32H5xx_HAL_Driver/stm32h5xx_hal_uart.o
                0x08009dcc                UART_SetConfig
 .text.UART_AdvFeatureConfig
                0x0800a1a8      0x144 ./Drivers/STM32H5xx_HAL_Driver/stm32h5xx_hal_uart.o
                0x0800a1a8                UART_AdvFeatureConfig
 .text.UART_CheckIdleState
                0x0800a2ec      0x154 ./Drivers/STM32H5xx_HAL_Driver/stm32h5xx_hal_uart.o
                0x0800a2ec                UART_CheckIdleState
 .text.UART_WaitOnFlagUntilTimeout
                0x0800a440       0xda ./Drivers/STM32H5xx_HAL_Driver/stm32h5xx_hal_uart.o
                0x0800a440                UART_WaitOnFlagUntilTimeout
 .text.UART_EndRxTransfer
                0x0800a51a       0xcc ./Drivers/STM32H5xx_HAL_Driver/stm32h5xx_hal_uart.o
 .text.HAL_UARTEx_DisableFifoMode
                0x0800a5e6       0x72 ./Drivers/STM32H5xx_HAL_Driver/stm32h5xx_hal_uart_ex.o
                0x0800a5e6                HAL_UARTEx_DisableFifoMode
 .text.HAL_UARTEx_SetTxFifoThreshold
                0x0800a658       0x7c ./Drivers/STM32H5xx_HAL_Driver/stm32h5xx_hal_uart_ex.o
                0x0800a658                HAL_UARTEx_SetTxFifoThreshold
 .text.HAL_UARTEx_SetRxFifoThreshold
                0x0800a6d4       0x7c ./Drivers/STM32H5xx_HAL_Driver/stm32h5xx_hal_uart_ex.o
                0x0800a6d4                HAL_UARTEx_SetRxFifoThreshold
 .text.UARTEx_SetNbDataToProcess
                0x0800a750       0x9c ./Drivers/STM32H5xx_HAL_Driver/stm32h5xx_hal_uart_ex.o
 .text.LL_DLYB_Enable
                0x0800a7ec       0x20 ./Drivers/STM32H5xx_HAL_Driver/stm32h5xx_hal_xspi.o
 .text.LL_DLYB_Disable
                0x0800a80c       0x20 ./Drivers/STM32H5xx_HAL_Driver/stm32h5xx_hal_xspi.o
 .text.HAL_XSPI_Init
                0x0800a82c      0x1b0 ./Drivers/STM32H5xx_HAL_Driver/stm32h5xx_hal_xspi.o
                0x0800a82c                HAL_XSPI_Init
 .text.HAL_XSPI_Command
                0x0800a9dc      0x120 ./Drivers/STM32H5xx_HAL_Driver/stm32h5xx_hal_xspi.o
                0x0800a9dc                HAL_XSPI_Command
 .text.HAL_XSPI_Transmit
                0x0800aafc       0xe6 ./Drivers/STM32H5xx_HAL_Driver/stm32h5xx_hal_xspi.o
                0x0800aafc                HAL_XSPI_Transmit
 .text.HAL_XSPI_Receive
                0x0800abe2      0x146 ./Drivers/STM32H5xx_HAL_Driver/stm32h5xx_hal_xspi.o
                0x0800abe2                HAL_XSPI_Receive
 .text.HAL_XSPI_AutoPolling
                0x0800ad28      0x114 ./Drivers/STM32H5xx_HAL_Driver/stm32h5xx_hal_xspi.o
                0x0800ad28                HAL_XSPI_AutoPolling
 .text.HAL_XSPI_Abort
                0x0800ae3c      0x10e ./Drivers/STM32H5xx_HAL_Driver/stm32h5xx_hal_xspi.o
                0x0800ae3c                HAL_XSPI_Abort
 .text.HAL_XSPI_SetTimeout
                0x0800af4a       0x1e ./Drivers/STM32H5xx_HAL_Driver/stm32h5xx_hal_xspi.o
                0x0800af4a                HAL_XSPI_SetTimeout
 .text.HAL_XSPI_DLYB_SetConfig
                0x0800af68       0x78 ./Drivers/STM32H5xx_HAL_Driver/stm32h5xx_hal_xspi.o
                0x0800af68                HAL_XSPI_DLYB_SetConfig
 .text.HAL_XSPI_DLYB_GetClockPeriod
                0x0800afe0       0x84 ./Drivers/STM32H5xx_HAL_Driver/stm32h5xx_hal_xspi.o
                0x0800afe0                HAL_XSPI_DLYB_GetClockPeriod
 .text.XSPI_WaitFlagStateUntilTimeout
                0x0800b064       0x6c ./Drivers/STM32H5xx_HAL_Driver/stm32h5xx_hal_xspi.o
 .text.XSPI_ConfigCmd
                0x0800b0d0      0x350 ./Drivers/STM32H5xx_HAL_Driver/stm32h5xx_hal_xspi.o
 .text.LL_DLYB_SetDelay
                0x0800b420       0x3e ./Drivers/STM32H5xx_HAL_Driver/stm32h5xx_ll_dlyb.o
                0x0800b420                LL_DLYB_SetDelay
 *fill*         0x0800b45e        0x2 
 .text.LL_DLYB_GetClockPeriod
                0x0800b460       0xdc ./Drivers/STM32H5xx_HAL_Driver/stm32h5xx_ll_dlyb.o
                0x0800b460                LL_DLYB_GetClockPeriod
 .text.lfs_max  0x0800b53c       0x20 ./Middlewares/LittleFS/Src/lfs.o
 .text.lfs_min  0x0800b55c       0x20 ./Middlewares/LittleFS/Src/lfs.o
 .text.lfs_aligndown
                0x0800b57c       0x2a ./Middlewares/LittleFS/Src/lfs.o
 .text.lfs_alignup
                0x0800b5a6       0x24 ./Middlewares/LittleFS/Src/lfs.o
 .text.lfs_npw2
                0x0800b5ca       0x20 ./Middlewares/LittleFS/Src/lfs.o
 .text.lfs_ctz  0x0800b5ea       0x1e ./Middlewares/LittleFS/Src/lfs.o
 .text.lfs_popc
                0x0800b608       0x18 ./Middlewares/LittleFS/Src/lfs.o
 .text.lfs_scmp
                0x0800b620       0x1c ./Middlewares/LittleFS/Src/lfs.o
 .text.lfs_fromle32
                0x0800b63c       0x16 ./Middlewares/LittleFS/Src/lfs.o
 .text.lfs_tole32
                0x0800b652       0x18 ./Middlewares/LittleFS/Src/lfs.o
 .text.lfs_frombe32
                0x0800b66a       0x18 ./Middlewares/LittleFS/Src/lfs.o
 .text.lfs_tobe32
                0x0800b682       0x18 ./Middlewares/LittleFS/Src/lfs.o
 .text.lfs_malloc
                0x0800b69a       0x18 ./Middlewares/LittleFS/Src/lfs.o
 .text.lfs_free
                0x0800b6b2       0x16 ./Middlewares/LittleFS/Src/lfs.o
 .text.lfs_cache_drop
                0x0800b6c8       0x1e ./Middlewares/LittleFS/Src/lfs.o
 .text.lfs_cache_zero
                0x0800b6e6       0x2c ./Middlewares/LittleFS/Src/lfs.o
 *fill*         0x0800b712        0x2 
 .text.lfs_bd_read
                0x0800b714      0x298 ./Middlewares/LittleFS/Src/lfs.o
 .text.lfs_bd_cmp
                0x0800b9ac       0xa2 ./Middlewares/LittleFS/Src/lfs.o
 .text.lfs_bd_crc
                0x0800ba4e       0x8c ./Middlewares/LittleFS/Src/lfs.o
 *fill*         0x0800bada        0x2 
 .text.lfs_bd_flush
                0x0800badc       0xf4 ./Middlewares/LittleFS/Src/lfs.o
 .text.lfs_bd_sync
                0x0800bbd0       0x68 ./Middlewares/LittleFS/Src/lfs.o
 .text.lfs_bd_prog
                0x0800bc38      0x15c ./Middlewares/LittleFS/Src/lfs.o
 .text.lfs_bd_erase
                0x0800bd94       0x64 ./Middlewares/LittleFS/Src/lfs.o
 .text.lfs_path_namelen
                0x0800bdf8       0x20 ./Middlewares/LittleFS/Src/lfs.o
 .text.lfs_path_islast
                0x0800be18       0x40 ./Middlewares/LittleFS/Src/lfs.o
 .text.lfs_path_isdir
                0x0800be58       0x28 ./Middlewares/LittleFS/Src/lfs.o
 .text.lfs_pair_swap
                0x0800be80       0x2a ./Middlewares/LittleFS/Src/lfs.o
 .text.lfs_pair_isnull
                0x0800beaa       0x36 ./Middlewares/LittleFS/Src/lfs.o
 .text.lfs_pair_cmp
                0x0800bee0       0x54 ./Middlewares/LittleFS/Src/lfs.o
 .text.lfs_pair_issync
                0x0800bf34       0x5a ./Middlewares/LittleFS/Src/lfs.o
 .text.lfs_pair_fromle32
                0x0800bf8e       0x34 ./Middlewares/LittleFS/Src/lfs.o
 .text.lfs_pair_tole32
                0x0800bfc2       0x34 ./Middlewares/LittleFS/Src/lfs.o
 .text.lfs_tag_isvalid
                0x0800bff6       0x1c ./Middlewares/LittleFS/Src/lfs.o
 .text.lfs_tag_isdelete
                0x0800c012       0x26 ./Middlewares/LittleFS/Src/lfs.o
 .text.lfs_tag_type1
                0x0800c038       0x20 ./Middlewares/LittleFS/Src/lfs.o
 .text.lfs_tag_type2
                0x0800c058       0x20 ./Middlewares/LittleFS/Src/lfs.o
 .text.lfs_tag_type3
                0x0800c078       0x20 ./Middlewares/LittleFS/Src/lfs.o
 .text.lfs_tag_chunk
                0x0800c098       0x1a ./Middlewares/LittleFS/Src/lfs.o
 .text.lfs_tag_splice
                0x0800c0b2       0x1a ./Middlewares/LittleFS/Src/lfs.o
 .text.lfs_tag_id
                0x0800c0cc       0x20 ./Middlewares/LittleFS/Src/lfs.o
 .text.lfs_tag_size
                0x0800c0ec       0x1a ./Middlewares/LittleFS/Src/lfs.o
 .text.lfs_tag_dsize
                0x0800c106       0x28 ./Middlewares/LittleFS/Src/lfs.o
 .text.lfs_gstate_xor
                0x0800c12e       0x40 ./Middlewares/LittleFS/Src/lfs.o
 .text.lfs_gstate_iszero
                0x0800c16e       0x38 ./Middlewares/LittleFS/Src/lfs.o
 .text.lfs_gstate_hasorphans
                0x0800c1a6       0x26 ./Middlewares/LittleFS/Src/lfs.o
 .text.lfs_gstate_getorphans
                0x0800c1cc       0x1e ./Middlewares/LittleFS/Src/lfs.o
 .text.lfs_gstate_hasmove
                0x0800c1ea       0x26 ./Middlewares/LittleFS/Src/lfs.o
 .text.lfs_gstate_needssuperblock
                0x0800c210       0x28 ./Middlewares/LittleFS/Src/lfs.o
 .text.lfs_gstate_hasmovehere
                0x0800c238       0x40 ./Middlewares/LittleFS/Src/lfs.o
 .text.lfs_gstate_fromle32
                0x0800c278       0x40 ./Middlewares/LittleFS/Src/lfs.o
 .text.lfs_gstate_tole32
                0x0800c2b8       0x40 ./Middlewares/LittleFS/Src/lfs.o
 .text.lfs_fcrc_fromle32
                0x0800c2f8       0x30 ./Middlewares/LittleFS/Src/lfs.o
 .text.lfs_fcrc_tole32
                0x0800c328       0x30 ./Middlewares/LittleFS/Src/lfs.o
 .text.lfs_ctz_fromle32
                0x0800c358       0x30 ./Middlewares/LittleFS/Src/lfs.o
 .text.lfs_ctz_tole32
                0x0800c388       0x30 ./Middlewares/LittleFS/Src/lfs.o
 .text.lfs_superblock_fromle32
                0x0800c3b8       0x70 ./Middlewares/LittleFS/Src/lfs.o
 .text.lfs_superblock_tole32
                0x0800c428       0x70 ./Middlewares/LittleFS/Src/lfs.o
 .text.lfs_mlist_isopen
                0x0800c498       0x3a ./Middlewares/LittleFS/Src/lfs.o
 .text.lfs_mlist_remove
                0x0800c4d2       0x44 ./Middlewares/LittleFS/Src/lfs.o
 .text.lfs_mlist_append
                0x0800c516       0x24 ./Middlewares/LittleFS/Src/lfs.o
 *fill*         0x0800c53a        0x2 
 .text.lfs_fs_disk_version
                0x0800c53c       0x1c ./Middlewares/LittleFS/Src/lfs.o
 .text.lfs_fs_disk_version_major
                0x0800c558       0x1c ./Middlewares/LittleFS/Src/lfs.o
 .text.lfs_fs_disk_version_minor
                0x0800c574       0x1a ./Middlewares/LittleFS/Src/lfs.o
 .text.lfs_alloc_ckpoint
                0x0800c58e       0x1c ./Middlewares/LittleFS/Src/lfs.o
 .text.lfs_alloc_drop
                0x0800c5aa       0x22 ./Middlewares/LittleFS/Src/lfs.o
 .text.lfs_alloc_lookahead
                0x0800c5cc       0x6a ./Middlewares/LittleFS/Src/lfs.o
 *fill*         0x0800c636        0x2 
 .text.lfs_alloc_scan
                0x0800c638       0x84 ./Middlewares/LittleFS/Src/lfs.o
 .text.lfs_alloc
                0x0800c6bc      0x110 ./Middlewares/LittleFS/Src/lfs.o
 .text.lfs_dir_getslice
                0x0800c7cc      0x1ec ./Middlewares/LittleFS/Src/lfs.o
 .text.lfs_dir_get
                0x0800c9b8       0x36 ./Middlewares/LittleFS/Src/lfs.o
 .text.lfs_dir_getread
                0x0800c9ee      0x1b6 ./Middlewares/LittleFS/Src/lfs.o
 .text.lfs_dir_traverse_filter
                0x0800cba4       0xb8 ./Middlewares/LittleFS/Src/lfs.o
 .text.lfs_dir_traverse
                0x0800cc5c      0x7c8 ./Middlewares/LittleFS/Src/lfs.o
 .text.lfs_dir_fetchmatch
                0x0800d424      0x7a0 ./Middlewares/LittleFS/Src/lfs.o
 .text.lfs_dir_fetch
                0x0800dbc4       0x36 ./Middlewares/LittleFS/Src/lfs.o
 *fill*         0x0800dbfa        0x2 
 .text.lfs_dir_getgstate
                0x0800dbfc       0x64 ./Middlewares/LittleFS/Src/lfs.o
 .text.lfs_dir_find_match
                0x0800dc60       0x92 ./Middlewares/LittleFS/Src/lfs.o
 *fill*         0x0800dcf2        0x2 
 .text.lfs_dir_find
                0x0800dcf4      0x208 ./Middlewares/LittleFS/Src/lfs.o
 .text.lfs_dir_commitprog
                0x0800defc       0x6c ./Middlewares/LittleFS/Src/lfs.o
 .text.lfs_dir_commitattr
                0x0800df68      0x100 ./Middlewares/LittleFS/Src/lfs.o
 .text.lfs_dir_commitcrc
                0x0800e068      0x2e0 ./Middlewares/LittleFS/Src/lfs.o
 .text.lfs_dir_alloc
                0x0800e348       0xf2 ./Middlewares/LittleFS/Src/lfs.o
 *fill*         0x0800e43a        0x2 
 .text.lfs_dir_drop
                0x0800e43c       0x78 ./Middlewares/LittleFS/Src/lfs.o
 .text.lfs_dir_split
                0x0800e4b4       0xa8 ./Middlewares/LittleFS/Src/lfs.o
 .text.lfs_dir_commit_size
                0x0800e55c       0x2c ./Middlewares/LittleFS/Src/lfs.o
 .text.lfs_dir_commit_commit
                0x0800e588       0x2a ./Middlewares/LittleFS/Src/lfs.o
 .text.lfs_dir_needsrelocation
                0x0800e5b2       0x4c ./Middlewares/LittleFS/Src/lfs.o
 *fill*         0x0800e5fe        0x2 
 .text.lfs_dir_compact
                0x0800e600      0x3f0 ./Middlewares/LittleFS/Src/lfs.o
 .text.lfs_dir_splittingcompact
                0x0800e9f0      0x230 ./Middlewares/LittleFS/Src/lfs.o
 .text.lfs_dir_relocatingcommit
                0x0800ec20      0x58c ./Middlewares/LittleFS/Src/lfs.o
 .text.lfs_dir_orphaningcommit
                0x0800f1ac      0x5f4 ./Middlewares/LittleFS/Src/lfs.o
 .text.lfs_dir_commit
                0x0800f7a0       0x4a ./Middlewares/LittleFS/Src/lfs.o
 .text.lfs_ctz_index
                0x0800f7ea       0x70 ./Middlewares/LittleFS/Src/lfs.o
 .text.lfs_ctz_find
                0x0800f85a       0xd6 ./Middlewares/LittleFS/Src/lfs.o
 .text.lfs_ctz_extend
                0x0800f930      0x214 ./Middlewares/LittleFS/Src/lfs.o
 .text.lfs_ctz_traverse
                0x0800fb44       0xf8 ./Middlewares/LittleFS/Src/lfs.o
 .text.lfs_file_opencfg_
                0x0800fc3c      0x3c0 ./Middlewares/LittleFS/Src/lfs.o
 .text.lfs_file_open_
                0x0800fffc       0x30 ./Middlewares/LittleFS/Src/lfs.o
 .text.lfs_file_close_
                0x0801002c       0x3a ./Middlewares/LittleFS/Src/lfs.o
 *fill*         0x08010066        0x2 
 .text.lfs_file_relocate
                0x08010068      0x1b4 ./Middlewares/LittleFS/Src/lfs.o
 .text.lfs_file_outline
                0x0801021c       0x42 ./Middlewares/LittleFS/Src/lfs.o
 *fill*         0x0801025e        0x2 
 .text.lfs_file_flush
                0x08010260      0x1a8 ./Middlewares/LittleFS/Src/lfs.o
 .text.lfs_file_sync_
                0x08010408      0x140 ./Middlewares/LittleFS/Src/lfs.o
 .text.lfs_file_flushedread
                0x08010548      0x1a4 ./Middlewares/LittleFS/Src/lfs.o
 .text.lfs_file_read_
                0x080106ec       0x6c ./Middlewares/LittleFS/Src/lfs.o
 .text.lfs_file_flushedwrite
                0x08010758      0x21e ./Middlewares/LittleFS/Src/lfs.o
 *fill*         0x08010976        0x2 
 .text.lfs_file_write_
                0x08010978      0x108 ./Middlewares/LittleFS/Src/lfs.o
 .text.lfs_remove_
                0x08010a80      0x1b4 ./Middlewares/LittleFS/Src/lfs.o
 .text.lfs_init
                0x08010c34      0x5d4 ./Middlewares/LittleFS/Src/lfs.o
 .text.lfs_deinit
                0x08011208       0x4e ./Middlewares/LittleFS/Src/lfs.o
 *fill*         0x08011256        0x2 
 .text.lfs_format_
                0x08011258      0x164 ./Middlewares/LittleFS/Src/lfs.o
 .text.lfs_tortoise_detectcycles
                0x080113bc       0x80 ./Middlewares/LittleFS/Src/lfs.o
 .text.lfs_mount_
                0x0801143c      0x404 ./Middlewares/LittleFS/Src/lfs.o
 .text.lfs_unmount_
                0x08011840       0x18 ./Middlewares/LittleFS/Src/lfs.o
 .text.lfs_fs_traverse_
                0x08011858      0x260 ./Middlewares/LittleFS/Src/lfs.o
 .text.lfs_fs_pred
                0x08011ab8       0x9c ./Middlewares/LittleFS/Src/lfs.o
 .text.lfs_fs_parent_match
                0x08011b54       0x84 ./Middlewares/LittleFS/Src/lfs.o
 .text.lfs_fs_parent
                0x08011bd8       0xbc ./Middlewares/LittleFS/Src/lfs.o
 .text.lfs_fs_prepsuperblock
                0x08011c94       0x2a ./Middlewares/LittleFS/Src/lfs.o
 *fill*         0x08011cbe        0x2 
 .text.lfs_fs_preporphans
                0x08011cc0       0xa0 ./Middlewares/LittleFS/Src/lfs.o
 .text.lfs_fs_prepmove
                0x08011d60       0x74 ./Middlewares/LittleFS/Src/lfs.o
 .text.lfs_fs_desuperblock
                0x08011dd4       0xd8 ./Middlewares/LittleFS/Src/lfs.o
 .text.lfs_fs_demove
                0x08011eac       0xf8 ./Middlewares/LittleFS/Src/lfs.o
 .text.lfs_fs_deorphan
                0x08011fa4      0x360 ./Middlewares/LittleFS/Src/lfs.o
 .text.lfs_fs_forceconsistency
                0x08012304       0x4a ./Middlewares/LittleFS/Src/lfs.o
 .text.lfs_fs_size_count
                0x0801234e       0x26 ./Middlewares/LittleFS/Src/lfs.o
 .text.lfs_fs_size_
                0x08012374       0x34 ./Middlewares/LittleFS/Src/lfs.o
 .text.lfs_format
                0x080123a8       0x2c ./Middlewares/LittleFS/Src/lfs.o
                0x080123a8                lfs_format
 .text.lfs_mount
                0x080123d4       0x2c ./Middlewares/LittleFS/Src/lfs.o
                0x080123d4                lfs_mount
 .text.lfs_remove
                0x08012400       0x2c ./Middlewares/LittleFS/Src/lfs.o
                0x08012400                lfs_remove
 .text.lfs_file_open
                0x0801242c       0x68 ./Middlewares/LittleFS/Src/lfs.o
                0x0801242c                lfs_file_open
 .text.lfs_file_close
                0x08012494       0x58 ./Middlewares/LittleFS/Src/lfs.o
                0x08012494                lfs_file_close
 .text.lfs_file_read
                0x080124ec       0x60 ./Middlewares/LittleFS/Src/lfs.o
                0x080124ec                lfs_file_read
 .text.lfs_file_write
                0x0801254c       0x60 ./Middlewares/LittleFS/Src/lfs.o
                0x0801254c                lfs_file_write
 .text.lfs_crc  0x080125ac       0x7c ./Middlewares/LittleFS/Src/lfs_util.o
                0x080125ac                lfs_crc
 .text.__assert_func
                0x08012628       0x3c C:/ST/STM32CubeIDE_1.13.2/STM32CubeIDE/plugins/com.st.stm32cube.ide.mcu.externaltools.gnu-tools-for-stm32.13.3.rel1.win32_1.0.0.202411081344/tools/bin/../lib/gcc/arm-none-eabi/13.3.1/../../../../arm-none-eabi/lib/thumb/v8-m.main+fp/hard\libc_nano.a(libc_a-assert.o)
                0x08012628                __assert_func
 .text.malloc   0x08012664       0x10 C:/ST/STM32CubeIDE_1.13.2/STM32CubeIDE/plugins/com.st.stm32cube.ide.mcu.externaltools.gnu-tools-for-stm32.13.3.rel1.win32_1.0.0.202411081344/tools/bin/../lib/gcc/arm-none-eabi/13.3.1/../../../../arm-none-eabi/lib/thumb/v8-m.main+fp/hard\libc_nano.a(libc_a-malloc.o)
                0x08012664                malloc
 .text.free     0x08012674       0x10 C:/ST/STM32CubeIDE_1.13.2/STM32CubeIDE/plugins/com.st.stm32cube.ide.mcu.externaltools.gnu-tools-for-stm32.13.3.rel1.win32_1.0.0.202411081344/tools/bin/../lib/gcc/arm-none-eabi/13.3.1/../../../../arm-none-eabi/lib/thumb/v8-m.main+fp/hard\libc_nano.a(libc_a-malloc.o)
                0x08012674                free
 .text.sbrk_aligned
                0x08012684       0x44 C:/ST/STM32CubeIDE_1.13.2/STM32CubeIDE/plugins/com.st.stm32cube.ide.mcu.externaltools.gnu-tools-for-stm32.13.3.rel1.win32_1.0.0.202411081344/tools/bin/../lib/gcc/arm-none-eabi/13.3.1/../../../../arm-none-eabi/lib/thumb/v8-m.main+fp/hard\libc_nano.a(libc_a-mallocr.o)
 .text._malloc_r
                0x080126c8      0x100 C:/ST/STM32CubeIDE_1.13.2/STM32CubeIDE/plugins/com.st.stm32cube.ide.mcu.externaltools.gnu-tools-for-stm32.13.3.rel1.win32_1.0.0.202411081344/tools/bin/../lib/gcc/arm-none-eabi/13.3.1/../../../../arm-none-eabi/lib/thumb/v8-m.main+fp/hard\libc_nano.a(libc_a-mallocr.o)
                0x080126c8                _malloc_r
 .text.__malloc_lock
                0x080127c8        0xc C:/ST/STM32CubeIDE_1.13.2/STM32CubeIDE/plugins/com.st.stm32cube.ide.mcu.externaltools.gnu-tools-for-stm32.13.3.rel1.win32_1.0.0.202411081344/tools/bin/../lib/gcc/arm-none-eabi/13.3.1/../../../../arm-none-eabi/lib/thumb/v8-m.main+fp/hard\libc_nano.a(libc_a-mlock.o)
                0x080127c8                __malloc_lock
 .text.__malloc_unlock
                0x080127d4        0xc C:/ST/STM32CubeIDE_1.13.2/STM32CubeIDE/plugins/com.st.stm32cube.ide.mcu.externaltools.gnu-tools-for-stm32.13.3.rel1.win32_1.0.0.202411081344/tools/bin/../lib/gcc/arm-none-eabi/13.3.1/../../../../arm-none-eabi/lib/thumb/v8-m.main+fp/hard\libc_nano.a(libc_a-mlock.o)
                0x080127d4                __malloc_unlock
 .text.std      0x080127e0       0x6c C:/ST/STM32CubeIDE_1.13.2/STM32CubeIDE/plugins/com.st.stm32cube.ide.mcu.externaltools.gnu-tools-for-stm32.13.3.rel1.win32_1.0.0.202411081344/tools/bin/../lib/gcc/arm-none-eabi/13.3.1/../../../../arm-none-eabi/lib/thumb/v8-m.main+fp/hard\libc_nano.a(libc_a-findfp.o)
 .text.stdio_exit_handler
                0x0801284c       0x18 C:/ST/STM32CubeIDE_1.13.2/STM32CubeIDE/plugins/com.st.stm32cube.ide.mcu.externaltools.gnu-tools-for-stm32.13.3.rel1.win32_1.0.0.202411081344/tools/bin/../lib/gcc/arm-none-eabi/13.3.1/../../../../arm-none-eabi/lib/thumb/v8-m.main+fp/hard\libc_nano.a(libc_a-findfp.o)
 .text.cleanup_stdio
                0x08012864       0x40 C:/ST/STM32CubeIDE_1.13.2/STM32CubeIDE/plugins/com.st.stm32cube.ide.mcu.externaltools.gnu-tools-for-stm32.13.3.rel1.win32_1.0.0.202411081344/tools/bin/../lib/gcc/arm-none-eabi/13.3.1/../../../../arm-none-eabi/lib/thumb/v8-m.main+fp/hard\libc_nano.a(libc_a-findfp.o)
 .text.global_stdio_init.part.0
                0x080128a4       0x3c C:/ST/STM32CubeIDE_1.13.2/STM32CubeIDE/plugins/com.st.stm32cube.ide.mcu.externaltools.gnu-tools-for-stm32.13.3.rel1.win32_1.0.0.202411081344/tools/bin/../lib/gcc/arm-none-eabi/13.3.1/../../../../arm-none-eabi/lib/thumb/v8-m.main+fp/hard\libc_nano.a(libc_a-findfp.o)
 .text.__sfp_lock_acquire
                0x080128e0        0xc C:/ST/STM32CubeIDE_1.13.2/STM32CubeIDE/plugins/com.st.stm32cube.ide.mcu.externaltools.gnu-tools-for-stm32.13.3.rel1.win32_1.0.0.202411081344/tools/bin/../lib/gcc/arm-none-eabi/13.3.1/../../../../arm-none-eabi/lib/thumb/v8-m.main+fp/hard\libc_nano.a(libc_a-findfp.o)
                0x080128e0                __sfp_lock_acquire
 .text.__sfp_lock_release
                0x080128ec        0xc C:/ST/STM32CubeIDE_1.13.2/STM32CubeIDE/plugins/com.st.stm32cube.ide.mcu.externaltools.gnu-tools-for-stm32.13.3.rel1.win32_1.0.0.202411081344/tools/bin/../lib/gcc/arm-none-eabi/13.3.1/../../../../arm-none-eabi/lib/thumb/v8-m.main+fp/hard\libc_nano.a(libc_a-findfp.o)
                0x080128ec                __sfp_lock_release
 .text.__sinit  0x080128f8       0x30 C:/ST/STM32CubeIDE_1.13.2/STM32CubeIDE/plugins/com.st.stm32cube.ide.mcu.externaltools.gnu-tools-for-stm32.13.3.rel1.win32_1.0.0.202411081344/tools/bin/../lib/gcc/arm-none-eabi/13.3.1/../../../../arm-none-eabi/lib/thumb/v8-m.main+fp/hard\libc_nano.a(libc_a-findfp.o)
                0x080128f8                __sinit
 .text.fprintf  0x08012928       0x24 C:/ST/STM32CubeIDE_1.13.2/STM32CubeIDE/plugins/com.st.stm32cube.ide.mcu.externaltools.gnu-tools-for-stm32.13.3.rel1.win32_1.0.0.202411081344/tools/bin/../lib/gcc/arm-none-eabi/13.3.1/../../../../arm-none-eabi/lib/thumb/v8-m.main+fp/hard\libc_nano.a(libc_a-fprintf.o)
                0x08012928                fiprintf
                0x08012928                fprintf
 .text._fwalk_sglue
                0x0801294c       0x3c C:/ST/STM32CubeIDE_1.13.2/STM32CubeIDE/plugins/com.st.stm32cube.ide.mcu.externaltools.gnu-tools-for-stm32.13.3.rel1.win32_1.0.0.202411081344/tools/bin/../lib/gcc/arm-none-eabi/13.3.1/../../../../arm-none-eabi/lib/thumb/v8-m.main+fp/hard\libc_nano.a(libc_a-fwalk.o)
                0x0801294c                _fwalk_sglue
 .text.printf   0x08012988       0x24 C:/ST/STM32CubeIDE_1.13.2/STM32CubeIDE/plugins/com.st.stm32cube.ide.mcu.externaltools.gnu-tools-for-stm32.13.3.rel1.win32_1.0.0.202411081344/tools/bin/../lib/gcc/arm-none-eabi/13.3.1/../../../../arm-none-eabi/lib/thumb/v8-m.main+fp/hard\libc_nano.a(libc_a-printf.o)
                0x08012988                iprintf
                0x08012988                printf
 .text.__sread  0x080129ac       0x22 C:/ST/STM32CubeIDE_1.13.2/STM32CubeIDE/plugins/com.st.stm32cube.ide.mcu.externaltools.gnu-tools-for-stm32.13.3.rel1.win32_1.0.0.202411081344/tools/bin/../lib/gcc/arm-none-eabi/13.3.1/../../../../arm-none-eabi/lib/thumb/v8-m.main+fp/hard\libc_nano.a(libc_a-stdio.o)
                0x080129ac                __sread
 .text.__swrite
                0x080129ce       0x38 C:/ST/STM32CubeIDE_1.13.2/STM32CubeIDE/plugins/com.st.stm32cube.ide.mcu.externaltools.gnu-tools-for-stm32.13.3.rel1.win32_1.0.0.202411081344/tools/bin/../lib/gcc/arm-none-eabi/13.3.1/../../../../arm-none-eabi/lib/thumb/v8-m.main+fp/hard\libc_nano.a(libc_a-stdio.o)
                0x080129ce                __swrite
 .text.__sseek  0x08012a06       0x24 C:/ST/STM32CubeIDE_1.13.2/STM32CubeIDE/plugins/com.st.stm32cube.ide.mcu.externaltools.gnu-tools-for-stm32.13.3.rel1.win32_1.0.0.202411081344/tools/bin/../lib/gcc/arm-none-eabi/13.3.1/../../../../arm-none-eabi/lib/thumb/v8-m.main+fp/hard\libc_nano.a(libc_a-stdio.o)
                0x08012a06                __sseek
 .text.__sclose
                0x08012a2a        0x8 C:/ST/STM32CubeIDE_1.13.2/STM32CubeIDE/plugins/com.st.stm32cube.ide.mcu.externaltools.gnu-tools-for-stm32.13.3.rel1.win32_1.0.0.202411081344/tools/bin/../lib/gcc/arm-none-eabi/13.3.1/../../../../arm-none-eabi/lib/thumb/v8-m.main+fp/hard\libc_nano.a(libc_a-stdio.o)
                0x08012a2a                __sclose
 .text.memcmp   0x08012a32       0x20 C:/ST/STM32CubeIDE_1.13.2/STM32CubeIDE/plugins/com.st.stm32cube.ide.mcu.externaltools.gnu-tools-for-stm32.13.3.rel1.win32_1.0.0.202411081344/tools/bin/../lib/gcc/arm-none-eabi/13.3.1/../../../../arm-none-eabi/lib/thumb/v8-m.main+fp/hard\libc_nano.a(libc_a-memcmp.o)
                0x08012a32                memcmp
 .text.memset   0x08012a52       0x10 C:/ST/STM32CubeIDE_1.13.2/STM32CubeIDE/plugins/com.st.stm32cube.ide.mcu.externaltools.gnu-tools-for-stm32.13.3.rel1.win32_1.0.0.202411081344/tools/bin/../lib/gcc/arm-none-eabi/13.3.1/../../../../arm-none-eabi/lib/thumb/v8-m.main+fp/hard\libc_nano.a(libc_a-memset.o)
                0x08012a52                memset
 .text.strcspn  0x08012a62       0x22 C:/ST/STM32CubeIDE_1.13.2/STM32CubeIDE/plugins/com.st.stm32cube.ide.mcu.externaltools.gnu-tools-for-stm32.13.3.rel1.win32_1.0.0.202411081344/tools/bin/../lib/gcc/arm-none-eabi/13.3.1/../../../../arm-none-eabi/lib/thumb/v8-m.main+fp/hard\libc_nano.a(libc_a-strcspn.o)
                0x08012a62                strcspn
 .text.strspn   0x08012a84       0x20 C:/ST/STM32CubeIDE_1.13.2/STM32CubeIDE/plugins/com.st.stm32cube.ide.mcu.externaltools.gnu-tools-for-stm32.13.3.rel1.win32_1.0.0.202411081344/tools/bin/../lib/gcc/arm-none-eabi/13.3.1/../../../../arm-none-eabi/lib/thumb/v8-m.main+fp/hard\libc_nano.a(libc_a-strspn.o)
                0x08012a84                strspn
 .text._close_r
                0x08012aa4       0x20 C:/ST/STM32CubeIDE_1.13.2/STM32CubeIDE/plugins/com.st.stm32cube.ide.mcu.externaltools.gnu-tools-for-stm32.13.3.rel1.win32_1.0.0.202411081344/tools/bin/../lib/gcc/arm-none-eabi/13.3.1/../../../../arm-none-eabi/lib/thumb/v8-m.main+fp/hard\libc_nano.a(libc_a-closer.o)
                0x08012aa4                _close_r
 .text._lseek_r
                0x08012ac4       0x24 C:/ST/STM32CubeIDE_1.13.2/STM32CubeIDE/plugins/com.st.stm32cube.ide.mcu.externaltools.gnu-tools-for-stm32.13.3.rel1.win32_1.0.0.202411081344/tools/bin/../lib/gcc/arm-none-eabi/13.3.1/../../../../arm-none-eabi/lib/thumb/v8-m.main+fp/hard\libc_nano.a(libc_a-lseekr.o)
                0x08012ac4                _lseek_r
 .text._read_r  0x08012ae8       0x24 C:/ST/STM32CubeIDE_1.13.2/STM32CubeIDE/plugins/com.st.stm32cube.ide.mcu.externaltools.gnu-tools-for-stm32.13.3.rel1.win32_1.0.0.202411081344/tools/bin/../lib/gcc/arm-none-eabi/13.3.1/../../../../arm-none-eabi/lib/thumb/v8-m.main+fp/hard\libc_nano.a(libc_a-readr.o)
                0x08012ae8                _read_r
 .text._sbrk_r  0x08012b0c       0x20 C:/ST/STM32CubeIDE_1.13.2/STM32CubeIDE/plugins/com.st.stm32cube.ide.mcu.externaltools.gnu-tools-for-stm32.13.3.rel1.win32_1.0.0.202411081344/tools/bin/../lib/gcc/arm-none-eabi/13.3.1/../../../../arm-none-eabi/lib/thumb/v8-m.main+fp/hard\libc_nano.a(libc_a-sbrkr.o)
                0x08012b0c                _sbrk_r
 .text._write_r
                0x08012b2c       0x24 C:/ST/STM32CubeIDE_1.13.2/STM32CubeIDE/plugins/com.st.stm32cube.ide.mcu.externaltools.gnu-tools-for-stm32.13.3.rel1.win32_1.0.0.202411081344/tools/bin/../lib/gcc/arm-none-eabi/13.3.1/../../../../arm-none-eabi/lib/thumb/v8-m.main+fp/hard\libc_nano.a(libc_a-writer.o)
                0x08012b2c                _write_r
 .text.__errno  0x08012b50        0xc C:/ST/STM32CubeIDE_1.13.2/STM32CubeIDE/plugins/com.st.stm32cube.ide.mcu.externaltools.gnu-tools-for-stm32.13.3.rel1.win32_1.0.0.202411081344/tools/bin/../lib/gcc/arm-none-eabi/13.3.1/../../../../arm-none-eabi/lib/thumb/v8-m.main+fp/hard\libc_nano.a(libc_a-errno.o)
                0x08012b50                __errno
 .text.__libc_init_array
                0x08012b5c       0x48 C:/ST/STM32CubeIDE_1.13.2/STM32CubeIDE/plugins/com.st.stm32cube.ide.mcu.externaltools.gnu-tools-for-stm32.13.3.rel1.win32_1.0.0.202411081344/tools/bin/../lib/gcc/arm-none-eabi/13.3.1/../../../../arm-none-eabi/lib/thumb/v8-m.main+fp/hard\libc_nano.a(libc_a-init.o)
                0x08012b5c                __libc_init_array
 .text.__retarget_lock_init_recursive
                0x08012ba4        0x2 C:/ST/STM32CubeIDE_1.13.2/STM32CubeIDE/plugins/com.st.stm32cube.ide.mcu.externaltools.gnu-tools-for-stm32.13.3.rel1.win32_1.0.0.202411081344/tools/bin/../lib/gcc/arm-none-eabi/13.3.1/../../../../arm-none-eabi/lib/thumb/v8-m.main+fp/hard\libc_nano.a(libc_a-lock.o)
                0x08012ba4                __retarget_lock_init_recursive
 .text.__retarget_lock_acquire_recursive
                0x08012ba6        0x2 C:/ST/STM32CubeIDE_1.13.2/STM32CubeIDE/plugins/com.st.stm32cube.ide.mcu.externaltools.gnu-tools-for-stm32.13.3.rel1.win32_1.0.0.202411081344/tools/bin/../lib/gcc/arm-none-eabi/13.3.1/../../../../arm-none-eabi/lib/thumb/v8-m.main+fp/hard\libc_nano.a(libc_a-lock.o)
                0x08012ba6                __retarget_lock_acquire_recursive
 .text.__retarget_lock_release_recursive
                0x08012ba8        0x2 C:/ST/STM32CubeIDE_1.13.2/STM32CubeIDE/plugins/com.st.stm32cube.ide.mcu.externaltools.gnu-tools-for-stm32.13.3.rel1.win32_1.0.0.202411081344/tools/bin/../lib/gcc/arm-none-eabi/13.3.1/../../../../arm-none-eabi/lib/thumb/v8-m.main+fp/hard\libc_nano.a(libc_a-lock.o)
                0x08012ba8                __retarget_lock_release_recursive
 .text.memcpy   0x08012baa       0x1a C:/ST/STM32CubeIDE_1.13.2/STM32CubeIDE/plugins/com.st.stm32cube.ide.mcu.externaltools.gnu-tools-for-stm32.13.3.rel1.win32_1.0.0.202411081344/tools/bin/../lib/gcc/arm-none-eabi/13.3.1/../../../../arm-none-eabi/lib/thumb/v8-m.main+fp/hard\libc_nano.a(libc_a-memcpy-stub.o)
                0x08012baa                memcpy
 .text.abort    0x08012bc4        0xe C:/ST/STM32CubeIDE_1.13.2/STM32CubeIDE/plugins/com.st.stm32cube.ide.mcu.externaltools.gnu-tools-for-stm32.13.3.rel1.win32_1.0.0.202411081344/tools/bin/../lib/gcc/arm-none-eabi/13.3.1/../../../../arm-none-eabi/lib/thumb/v8-m.main+fp/hard\libc_nano.a(libc_a-abort.o)
                0x08012bc4                abort
 *fill*         0x08012bd2        0x2 
 .text._free_r  0x08012bd4       0x94 C:/ST/STM32CubeIDE_1.13.2/STM32CubeIDE/plugins/com.st.stm32cube.ide.mcu.externaltools.gnu-tools-for-stm32.13.3.rel1.win32_1.0.0.202411081344/tools/bin/../lib/gcc/arm-none-eabi/13.3.1/../../../../arm-none-eabi/lib/thumb/v8-m.main+fp/hard\libc_nano.a(libc_a-freer.o)
                0x08012bd4                _free_r
 .text.__sfputc_r
                0x08012c68       0x2e C:/ST/STM32CubeIDE_1.13.2/STM32CubeIDE/plugins/com.st.stm32cube.ide.mcu.externaltools.gnu-tools-for-stm32.13.3.rel1.win32_1.0.0.202411081344/tools/bin/../lib/gcc/arm-none-eabi/13.3.1/../../../../arm-none-eabi/lib/thumb/v8-m.main+fp/hard\libc_nano.a(libc_a-nano-vfprintf.o)
 .text.__sfputs_r
                0x08012c96       0x24 C:/ST/STM32CubeIDE_1.13.2/STM32CubeIDE/plugins/com.st.stm32cube.ide.mcu.externaltools.gnu-tools-for-stm32.13.3.rel1.win32_1.0.0.202411081344/tools/bin/../lib/gcc/arm-none-eabi/13.3.1/../../../../arm-none-eabi/lib/thumb/v8-m.main+fp/hard\libc_nano.a(libc_a-nano-vfprintf.o)
                0x08012c96                __sfputs_r
 *fill*         0x08012cba        0x2 
 .text._vfprintf_r
                0x08012cbc      0x230 C:/ST/STM32CubeIDE_1.13.2/STM32CubeIDE/plugins/com.st.stm32cube.ide.mcu.externaltools.gnu-tools-for-stm32.13.3.rel1.win32_1.0.0.202411081344/tools/bin/../lib/gcc/arm-none-eabi/13.3.1/../../../../arm-none-eabi/lib/thumb/v8-m.main+fp/hard\libc_nano.a(libc_a-nano-vfprintf.o)
                0x08012cbc                _vfprintf_r
                0x08012cbc                _vfiprintf_r
 .text._printf_common
                0x08012eec       0xe4 C:/ST/STM32CubeIDE_1.13.2/STM32CubeIDE/plugins/com.st.stm32cube.ide.mcu.externaltools.gnu-tools-for-stm32.13.3.rel1.win32_1.0.0.202411081344/tools/bin/../lib/gcc/arm-none-eabi/13.3.1/../../../../arm-none-eabi/lib/thumb/v8-m.main+fp/hard\libc_nano.a(libc_a-nano-vfprintf_i.o)
                0x08012eec                _printf_common
 .text._printf_i
                0x08012fd0      0x23c C:/ST/STM32CubeIDE_1.13.2/STM32CubeIDE/plugins/com.st.stm32cube.ide.mcu.externaltools.gnu-tools-for-stm32.13.3.rel1.win32_1.0.0.202411081344/tools/bin/../lib/gcc/arm-none-eabi/13.3.1/../../../../arm-none-eabi/lib/thumb/v8-m.main+fp/hard\libc_nano.a(libc_a-nano-vfprintf_i.o)
                0x08012fd0                _printf_i
 .text.__sflush_r
                0x0801320c      0x108 C:/ST/STM32CubeIDE_1.13.2/STM32CubeIDE/plugins/com.st.stm32cube.ide.mcu.externaltools.gnu-tools-for-stm32.13.3.rel1.win32_1.0.0.202411081344/tools/bin/../lib/gcc/arm-none-eabi/13.3.1/../../../../arm-none-eabi/lib/thumb/v8-m.main+fp/hard\libc_nano.a(libc_a-fflush.o)
                0x0801320c                __sflush_r
 .text._fflush_r
                0x08013314       0x50 C:/ST/STM32CubeIDE_1.13.2/STM32CubeIDE/plugins/com.st.stm32cube.ide.mcu.externaltools.gnu-tools-for-stm32.13.3.rel1.win32_1.0.0.202411081344/tools/bin/../lib/gcc/arm-none-eabi/13.3.1/../../../../arm-none-eabi/lib/thumb/v8-m.main+fp/hard\libc_nano.a(libc_a-fflush.o)
                0x08013314                _fflush_r
 .text.__swbuf_r
                0x08013364       0x7c C:/ST/STM32CubeIDE_1.13.2/STM32CubeIDE/plugins/com.st.stm32cube.ide.mcu.externaltools.gnu-tools-for-stm32.13.3.rel1.win32_1.0.0.202411081344/tools/bin/../lib/gcc/arm-none-eabi/13.3.1/../../../../arm-none-eabi/lib/thumb/v8-m.main+fp/hard\libc_nano.a(libc_a-wbuf.o)
                0x08013364                __swbuf_r
 .text.__swsetup_r
                0x080133e0       0xac C:/ST/STM32CubeIDE_1.13.2/STM32CubeIDE/plugins/com.st.stm32cube.ide.mcu.externaltools.gnu-tools-for-stm32.13.3.rel1.win32_1.0.0.202411081344/tools/bin/../lib/gcc/arm-none-eabi/13.3.1/../../../../arm-none-eabi/lib/thumb/v8-m.main+fp/hard\libc_nano.a(libc_a-wsetup.o)
                0x080133e0                __swsetup_r
 .text._raise_r
                0x0801348c       0x50 C:/ST/STM32CubeIDE_1.13.2/STM32CubeIDE/plugins/com.st.stm32cube.ide.mcu.externaltools.gnu-tools-for-stm32.13.3.rel1.win32_1.0.0.202411081344/tools/bin/../lib/gcc/arm-none-eabi/13.3.1/../../../../arm-none-eabi/lib/thumb/v8-m.main+fp/hard\libc_nano.a(libc_a-signal.o)
                0x0801348c                _raise_r
 .text.raise    0x080134dc       0x10 C:/ST/STM32CubeIDE_1.13.2/STM32CubeIDE/plugins/com.st.stm32cube.ide.mcu.externaltools.gnu-tools-for-stm32.13.3.rel1.win32_1.0.0.202411081344/tools/bin/../lib/gcc/arm-none-eabi/13.3.1/../../../../arm-none-eabi/lib/thumb/v8-m.main+fp/hard\libc_nano.a(libc_a-signal.o)
                0x080134dc                raise
 .text._kill_r  0x080134ec       0x24 C:/ST/STM32CubeIDE_1.13.2/STM32CubeIDE/plugins/com.st.stm32cube.ide.mcu.externaltools.gnu-tools-for-stm32.13.3.rel1.win32_1.0.0.202411081344/tools/bin/../lib/gcc/arm-none-eabi/13.3.1/../../../../arm-none-eabi/lib/thumb/v8-m.main+fp/hard\libc_nano.a(libc_a-signalr.o)
                0x080134ec                _kill_r
 .text._getpid_r
                0x08013510        0x4 C:/ST/STM32CubeIDE_1.13.2/STM32CubeIDE/plugins/com.st.stm32cube.ide.mcu.externaltools.gnu-tools-for-stm32.13.3.rel1.win32_1.0.0.202411081344/tools/bin/../lib/gcc/arm-none-eabi/13.3.1/../../../../arm-none-eabi/lib/thumb/v8-m.main+fp/hard\libc_nano.a(libc_a-signalr.o)
                0x08013510                _getpid_r
 .text.memchr   0x08013514       0x1c C:/ST/STM32CubeIDE_1.13.2/STM32CubeIDE/plugins/com.st.stm32cube.ide.mcu.externaltools.gnu-tools-for-stm32.13.3.rel1.win32_1.0.0.202411081344/tools/bin/../lib/gcc/arm-none-eabi/13.3.1/../../../../arm-none-eabi/lib/thumb/v8-m.main+fp/hard\libc_nano.a(libc_a-memchr-stub.o)
                0x08013514                memchr
 .text.__swhatbuf_r
                0x08013530       0x4a C:/ST/STM32CubeIDE_1.13.2/STM32CubeIDE/plugins/com.st.stm32cube.ide.mcu.externaltools.gnu-tools-for-stm32.13.3.rel1.win32_1.0.0.202411081344/tools/bin/../lib/gcc/arm-none-eabi/13.3.1/../../../../arm-none-eabi/lib/thumb/v8-m.main+fp/hard\libc_nano.a(libc_a-makebuf.o)
                0x08013530                __swhatbuf_r
 .text.__smakebuf_r
                0x0801357a       0x78 C:/ST/STM32CubeIDE_1.13.2/STM32CubeIDE/plugins/com.st.stm32cube.ide.mcu.externaltools.gnu-tools-for-stm32.13.3.rel1.win32_1.0.0.202411081344/tools/bin/../lib/gcc/arm-none-eabi/13.3.1/../../../../arm-none-eabi/lib/thumb/v8-m.main+fp/hard\libc_nano.a(libc_a-makebuf.o)
                0x0801357a                __smakebuf_r
 *fill*         0x080135f2        0x2 
 .text._fstat_r
                0x080135f4       0x24 C:/ST/STM32CubeIDE_1.13.2/STM32CubeIDE/plugins/com.st.stm32cube.ide.mcu.externaltools.gnu-tools-for-stm32.13.3.rel1.win32_1.0.0.202411081344/tools/bin/../lib/gcc/arm-none-eabi/13.3.1/../../../../arm-none-eabi/lib/thumb/v8-m.main+fp/hard\libc_nano.a(libc_a-fstatr.o)
                0x080135f4                _fstat_r
 .text._isatty_r
                0x08013618       0x20 C:/ST/STM32CubeIDE_1.13.2/STM32CubeIDE/plugins/com.st.stm32cube.ide.mcu.externaltools.gnu-tools-for-stm32.13.3.rel1.win32_1.0.0.202411081344/tools/bin/../lib/gcc/arm-none-eabi/13.3.1/../../../../arm-none-eabi/lib/thumb/v8-m.main+fp/hard\libc_nano.a(libc_a-isattyr.o)
                0x08013618                _isatty_r
 *(.glue_7)
 .glue_7        0x08013638        0x0 linker stubs
 *(.glue_7t)
 .glue_7t       0x08013638        0x0 linker stubs
 *(.eh_frame)
 .eh_frame      0x08013638        0x0 C:/ST/STM32CubeIDE_1.13.2/STM32CubeIDE/plugins/com.st.stm32cube.ide.mcu.externaltools.gnu-tools-for-stm32.13.3.rel1.win32_1.0.0.202411081344/tools/bin/../lib/gcc/arm-none-eabi/13.3.1/thumb/v8-m.main+fp/hard/crtbegin.o
 *(.init)
 .init          0x08013638        0x4 C:/ST/STM32CubeIDE_1.13.2/STM32CubeIDE/plugins/com.st.stm32cube.ide.mcu.externaltools.gnu-tools-for-stm32.13.3.rel1.win32_1.0.0.202411081344/tools/bin/../lib/gcc/arm-none-eabi/13.3.1/thumb/v8-m.main+fp/hard/crti.o
                0x08013638                _init
 .init          0x0801363c        0x8 C:/ST/STM32CubeIDE_1.13.2/STM32CubeIDE/plugins/com.st.stm32cube.ide.mcu.externaltools.gnu-tools-for-stm32.13.3.rel1.win32_1.0.0.202411081344/tools/bin/../lib/gcc/arm-none-eabi/13.3.1/thumb/v8-m.main+fp/hard/crtn.o
 *(.fini)
 .fini          0x08013644        0x4 C:/ST/STM32CubeIDE_1.13.2/STM32CubeIDE/plugins/com.st.stm32cube.ide.mcu.externaltools.gnu-tools-for-stm32.13.3.rel1.win32_1.0.0.202411081344/tools/bin/../lib/gcc/arm-none-eabi/13.3.1/thumb/v8-m.main+fp/hard/crti.o
                0x08013644                _fini
 .fini          0x08013648        0x8 C:/ST/STM32CubeIDE_1.13.2/STM32CubeIDE/plugins/com.st.stm32cube.ide.mcu.externaltools.gnu-tools-for-stm32.13.3.rel1.win32_1.0.0.202411081344/tools/bin/../lib/gcc/arm-none-eabi/13.3.1/thumb/v8-m.main+fp/hard/crtn.o
                0x08013650                        . = ALIGN (0x4)
                0x08013650                        _etext = .

.vfp11_veneer   0x08013650        0x0
 .vfp11_veneer  0x08013650        0x0 linker stubs

.v4_bx          0x08013650        0x0
 .v4_bx         0x08013650        0x0 linker stubs

.iplt           0x08013650        0x0
 .iplt          0x08013650        0x0 C:/ST/STM32CubeIDE_1.13.2/STM32CubeIDE/plugins/com.st.stm32cube.ide.mcu.externaltools.gnu-tools-for-stm32.13.3.rel1.win32_1.0.0.202411081344/tools/bin/../lib/gcc/arm-none-eabi/13.3.1/thumb/v8-m.main+fp/hard/crtbegin.o

.rodata         0x08013650     0x1220
                0x08013650                        . = ALIGN (0x4)
 *(.rodata)
 .rodata        0x08013650       0x5e ./Application/User/Core/lfs_config.o
 *fill*         0x080136ae        0x2 
 .rodata        0x080136b0      0x1a4 ./Application/User/Core/main.o
 .rodata        0x08013854      0xde6 ./Middlewares/LittleFS/Src/lfs.o
 *(.rodata*)
 *fill*         0x0801463a        0x2 
 .rodata.AHBPrescTable
                0x0801463c       0x10 ./Drivers/CMSIS/system_stm32h5xx.o
                0x0801463c                AHBPrescTable
 .rodata.APBPrescTable
                0x0801464c        0x8 ./Drivers/CMSIS/system_stm32h5xx.o
                0x0801464c                APBPrescTable
 .rodata.UARTPrescTable
                0x08014654       0x18 ./Drivers/STM32H5xx_HAL_Driver/stm32h5xx_hal_uart.o
                0x08014654                UARTPrescTable
 .rodata.numerator.1
                0x0801466c        0x8 ./Drivers/STM32H5xx_HAL_Driver/stm32h5xx_hal_uart_ex.o
 .rodata.denominator.0
                0x08014674        0x8 ./Drivers/STM32H5xx_HAL_Driver/stm32h5xx_hal_uart_ex.o
 .rodata.__func__.28
                0x0801467c        0xc ./Middlewares/LittleFS/Src/lfs.o
 .rodata.__func__.27
                0x08014688        0xd ./Middlewares/LittleFS/Src/lfs.o
 *fill*         0x08014695        0x3 
 .rodata.__func__.26
                0x08014698        0xc ./Middlewares/LittleFS/Src/lfs.o
 .rodata.__func__.25
                0x080146a4        0xc ./Middlewares/LittleFS/Src/lfs.o
 .rodata.__func__.24
                0x080146b0        0xd ./Middlewares/LittleFS/Src/lfs.o
 *fill*         0x080146bd        0x3 
 .rodata.__func__.23
                0x080146c0       0x11 ./Middlewares/LittleFS/Src/lfs.o
 *fill*         0x080146d1        0x3 
 .rodata.__func__.22
                0x080146d4       0x10 ./Middlewares/LittleFS/Src/lfs.o
 .rodata.__func__.21
                0x080146e4       0x19 ./Middlewares/LittleFS/Src/lfs.o
 *fill*         0x080146fd        0x3 
 .rodata.__func__.20
                0x08014700       0x18 ./Middlewares/LittleFS/Src/lfs.o
 .rodata.defaults.19
                0x08014718        0xc ./Middlewares/LittleFS/Src/lfs.o
 .rodata.__func__.18
                0x08014724        0xf ./Middlewares/LittleFS/Src/lfs.o
 *fill*         0x08014733        0x1 
 .rodata.__func__.17
                0x08014734       0x10 ./Middlewares/LittleFS/Src/lfs.o
 .rodata.__func__.15
                0x08014744        0x9 ./Middlewares/LittleFS/Src/lfs.o
 *fill*         0x0801474d        0x3 
 .rodata.__func__.14
                0x08014750        0xc ./Middlewares/LittleFS/Src/lfs.o
 .rodata.__func__.13
                0x0801475c       0x13 ./Middlewares/LittleFS/Src/lfs.o
 *fill*         0x0801476f        0x1 
 .rodata.__func__.12
                0x08014770        0xe ./Middlewares/LittleFS/Src/lfs.o
 *fill*         0x0801477e        0x2 
 .rodata.__func__.10
                0x08014780        0xe ./Middlewares/LittleFS/Src/lfs.o
 *fill*         0x0801478e        0x2 
 .rodata.__func__.8
                0x08014790        0xf ./Middlewares/LittleFS/Src/lfs.o
 *fill*         0x0801479f        0x1 
 .rodata.__func__.6
                0x080147a0        0xe ./Middlewares/LittleFS/Src/lfs.o
 *fill*         0x080147ae        0x2 
 .rodata.__func__.5
                0x080147b0        0xf ./Middlewares/LittleFS/Src/lfs.o
 *fill*         0x080147bf        0x1 
 .rodata.rtable.0
                0x080147c0       0x40 ./Middlewares/LittleFS/Src/lfs_util.o
 .rodata.__assert_func.str1.1
                0x08014800       0x6f C:/ST/STM32CubeIDE_1.13.2/STM32CubeIDE/plugins/com.st.stm32cube.ide.mcu.externaltools.gnu-tools-for-stm32.13.3.rel1.win32_1.0.0.202411081344/tools/bin/../lib/gcc/arm-none-eabi/13.3.1/../../../../arm-none-eabi/lib/thumb/v8-m.main+fp/hard\libc_nano.a(libc_a-assert.o)
                                 0x3d (size before relaxing)
 .rodata._vfprintf_r.str1.1
                0x0801486f       0x11 C:/ST/STM32CubeIDE_1.13.2/STM32CubeIDE/plugins/com.st.stm32cube.ide.mcu.externaltools.gnu-tools-for-stm32.13.3.rel1.win32_1.0.0.202411081344/tools/bin/../lib/gcc/arm-none-eabi/13.3.1/../../../../arm-none-eabi/lib/thumb/v8-m.main+fp/hard\libc_nano.a(libc_a-nano-vfprintf.o)
 .rodata._printf_i.str1.1
                0x0801486f       0x22 C:/ST/STM32CubeIDE_1.13.2/STM32CubeIDE/plugins/com.st.stm32cube.ide.mcu.externaltools.gnu-tools-for-stm32.13.3.rel1.win32_1.0.0.202411081344/tools/bin/../lib/gcc/arm-none-eabi/13.3.1/../../../../arm-none-eabi/lib/thumb/v8-m.main+fp/hard\libc_nano.a(libc_a-nano-vfprintf_i.o)
                0x08014894                        . = ALIGN (0x4)
 *fill*         0x0801486f        0x1 

.ARM.extab      0x08014870        0x0
                0x08014870                        . = ALIGN (0x4)
 *(.ARM.extab* .gnu.linkonce.armextab.*)
                0x08014870                        . = ALIGN (0x4)

.ARM            0x08014870        0x8
                0x08014870                        . = ALIGN (0x4)
                0x08014870                        __exidx_start = .
 *(.ARM.exidx*)
 .ARM.exidx     0x08014870        0x8 C:/ST/STM32CubeIDE_1.13.2/STM32CubeIDE/plugins/com.st.stm32cube.ide.mcu.externaltools.gnu-tools-for-stm32.13.3.rel1.win32_1.0.0.202411081344/tools/bin/../lib/gcc/arm-none-eabi/13.3.1/../../../../arm-none-eabi/lib/thumb/v8-m.main+fp/hard\libc_nano.a(libc_a-strlen.o)
 .ARM.exidx     0x08014878        0x0 C:/ST/STM32CubeIDE_1.13.2/STM32CubeIDE/plugins/com.st.stm32cube.ide.mcu.externaltools.gnu-tools-for-stm32.13.3.rel1.win32_1.0.0.202411081344/tools/bin/../lib/gcc/arm-none-eabi/13.3.1/thumb/v8-m.main+fp/hard\libgcc.a(_udivmoddi4.o)
                                  0x8 (size before relaxing)
                0x08014878                        __exidx_end = .
                0x08014878                        . = ALIGN (0x4)

.preinit_array  0x08014878        0x0
                0x08014878                        . = ALIGN (0x4)
                0x08014878                        PROVIDE (__preinit_array_start = .)
 *(.preinit_array*)
                0x08014878                        PROVIDE (__preinit_array_end = .)
                0x08014878                        . = ALIGN (0x4)

.init_array     0x08014878        0x4
                0x08014878                        . = ALIGN (0x4)
                0x08014878                        PROVIDE (__init_array_start = .)
 *(SORT_BY_NAME(.init_array.*))
 *(.init_array*)
 .init_array    0x08014878        0x4 C:/ST/STM32CubeIDE_1.13.2/STM32CubeIDE/plugins/com.st.stm32cube.ide.mcu.externaltools.gnu-tools-for-stm32.13.3.rel1.win32_1.0.0.202411081344/tools/bin/../lib/gcc/arm-none-eabi/13.3.1/thumb/v8-m.main+fp/hard/crtbegin.o
                0x0801487c                        PROVIDE (__init_array_end = .)
                0x0801487c                        . = ALIGN (0x4)

.fini_array     0x0801487c        0x4
                0x0801487c                        . = ALIGN (0x4)
                [!provide]                        PROVIDE (__fini_array_start = .)
 *(SORT_BY_NAME(.fini_array.*))
 *(.fini_array*)
 .fini_array    0x0801487c        0x4 C:/ST/STM32CubeIDE_1.13.2/STM32CubeIDE/plugins/com.st.stm32cube.ide.mcu.externaltools.gnu-tools-for-stm32.13.3.rel1.win32_1.0.0.202411081344/tools/bin/../lib/gcc/arm-none-eabi/13.3.1/thumb/v8-m.main+fp/hard/crtbegin.o
                [!provide]                        PROVIDE (__fini_array_end = .)
                0x08014880                        . = ALIGN (0x4)
                0x08014880                        _sidata = LOADADDR (.data)

.rel.dyn        0x08014880        0x0
 .rel.iplt      0x08014880        0x0 C:/ST/STM32CubeIDE_1.13.2/STM32CubeIDE/plugins/com.st.stm32cube.ide.mcu.externaltools.gnu-tools-for-stm32.13.3.rel1.win32_1.0.0.202411081344/tools/bin/../lib/gcc/arm-none-eabi/13.3.1/thumb/v8-m.main+fp/hard/crtbegin.o

.data           0x20000000       0x68 load address 0x08014880
                0x20000000                        . = ALIGN (0x4)
                0x20000000                        _sdata = .
 *(.data)
 *(.data*)
 .data.SystemCoreClock
                0x20000000        0x4 ./Drivers/CMSIS/system_stm32h5xx.o
                0x20000000                SystemCoreClock
 .data.uwTickPrio
                0x20000004        0x4 ./Drivers/STM32H5xx_HAL_Driver/stm32h5xx_hal.o
                0x20000004                uwTickPrio
 .data.uwTickFreq
                0x20000008        0x1 ./Drivers/STM32H5xx_HAL_Driver/stm32h5xx_hal.o
                0x20000008                uwTickFreq
 *fill*         0x20000009        0x3 
 .data.__sglue  0x2000000c        0xc C:/ST/STM32CubeIDE_1.13.2/STM32CubeIDE/plugins/com.st.stm32cube.ide.mcu.externaltools.gnu-tools-for-stm32.13.3.rel1.win32_1.0.0.202411081344/tools/bin/../lib/gcc/arm-none-eabi/13.3.1/../../../../arm-none-eabi/lib/thumb/v8-m.main+fp/hard\libc_nano.a(libc_a-findfp.o)
                0x2000000c                __sglue
 .data._impure_ptr
                0x20000018        0x4 C:/ST/STM32CubeIDE_1.13.2/STM32CubeIDE/plugins/com.st.stm32cube.ide.mcu.externaltools.gnu-tools-for-stm32.13.3.rel1.win32_1.0.0.202411081344/tools/bin/../lib/gcc/arm-none-eabi/13.3.1/../../../../arm-none-eabi/lib/thumb/v8-m.main+fp/hard\libc_nano.a(libc_a-impure.o)
                0x20000018                _impure_ptr
 .data._impure_data
                0x2000001c       0x4c C:/ST/STM32CubeIDE_1.13.2/STM32CubeIDE/plugins/com.st.stm32cube.ide.mcu.externaltools.gnu-tools-for-stm32.13.3.rel1.win32_1.0.0.202411081344/tools/bin/../lib/gcc/arm-none-eabi/13.3.1/../../../../arm-none-eabi/lib/thumb/v8-m.main+fp/hard\libc_nano.a(libc_a-impure.o)
                0x2000001c                _impure_data
 *(.RamFunc)
 *(.RamFunc*)
                0x20000068                        . = ALIGN (0x4)
                0x20000068                        _edata = .

.igot.plt       0x20000068        0x0 load address 0x080148e8
 .igot.plt      0x20000068        0x0 C:/ST/STM32CubeIDE_1.13.2/STM32CubeIDE/plugins/com.st.stm32cube.ide.mcu.externaltools.gnu-tools-for-stm32.13.3.rel1.win32_1.0.0.202411081344/tools/bin/../lib/gcc/arm-none-eabi/13.3.1/thumb/v8-m.main+fp/hard/crtbegin.o
                0x20000068                        . = ALIGN (0x4)

.bss            0x20000068      0x2c0 load address 0x080148e8
                0x20000068                        _sbss = .
                0x20000068                        __bss_start__ = _sbss
 *(.bss)
 .bss           0x20000068       0x1c C:/ST/STM32CubeIDE_1.13.2/STM32CubeIDE/plugins/com.st.stm32cube.ide.mcu.externaltools.gnu-tools-for-stm32.13.3.rel1.win32_1.0.0.202411081344/tools/bin/../lib/gcc/arm-none-eabi/13.3.1/thumb/v8-m.main+fp/hard/crtbegin.o
 *(.bss*)
 .bss.hospi1    0x20000084       0x5c ./Application/User/Core/octospi.o
                0x20000084                hospi1
 .bss.__sbrk_heap_end
                0x200000e0        0x4 ./Application/User/Core/sysmem.o
 .bss.huart1    0x200000e4       0x94 ./Application/User/Core/usart.o
                0x200000e4                huart1
 .bss.hospi_nor
                0x20000178       0x5c ./Drivers/BSP/STM32H573I-DK/stm32h573i_discovery_ospi.o
                0x20000178                hospi_nor
 .bss.Ospi_Nor_Ctx
                0x200001d4        0x3 ./Drivers/BSP/STM32H573I-DK/stm32h573i_discovery_ospi.o
                0x200001d4                Ospi_Nor_Ctx
 *fill*         0x200001d7        0x1 
 .bss.uwTick    0x200001d8        0x4 ./Drivers/STM32H5xx_HAL_Driver/stm32h5xx_hal.o
                0x200001d8                uwTick
 .bss.__malloc_sbrk_start
                0x200001dc        0x4 C:/ST/STM32CubeIDE_1.13.2/STM32CubeIDE/plugins/com.st.stm32cube.ide.mcu.externaltools.gnu-tools-for-stm32.13.3.rel1.win32_1.0.0.202411081344/tools/bin/../lib/gcc/arm-none-eabi/13.3.1/../../../../arm-none-eabi/lib/thumb/v8-m.main+fp/hard\libc_nano.a(libc_a-mallocr.o)
                0x200001dc                __malloc_sbrk_start
 .bss.__malloc_free_list
                0x200001e0        0x4 C:/ST/STM32CubeIDE_1.13.2/STM32CubeIDE/plugins/com.st.stm32cube.ide.mcu.externaltools.gnu-tools-for-stm32.13.3.rel1.win32_1.0.0.202411081344/tools/bin/../lib/gcc/arm-none-eabi/13.3.1/../../../../arm-none-eabi/lib/thumb/v8-m.main+fp/hard\libc_nano.a(libc_a-mallocr.o)
                0x200001e0                __malloc_free_list
 .bss.__sf      0x200001e4      0x138 C:/ST/STM32CubeIDE_1.13.2/STM32CubeIDE/plugins/com.st.stm32cube.ide.mcu.externaltools.gnu-tools-for-stm32.13.3.rel1.win32_1.0.0.202411081344/tools/bin/../lib/gcc/arm-none-eabi/13.3.1/../../../../arm-none-eabi/lib/thumb/v8-m.main+fp/hard\libc_nano.a(libc_a-findfp.o)
                0x200001e4                __sf
 .bss.__stdio_exit_handler
                0x2000031c        0x4 C:/ST/STM32CubeIDE_1.13.2/STM32CubeIDE/plugins/com.st.stm32cube.ide.mcu.externaltools.gnu-tools-for-stm32.13.3.rel1.win32_1.0.0.202411081344/tools/bin/../lib/gcc/arm-none-eabi/13.3.1/../../../../arm-none-eabi/lib/thumb/v8-m.main+fp/hard\libc_nano.a(libc_a-findfp.o)
                0x2000031c                __stdio_exit_handler
 .bss.errno     0x20000320        0x4 C:/ST/STM32CubeIDE_1.13.2/STM32CubeIDE/plugins/com.st.stm32cube.ide.mcu.externaltools.gnu-tools-for-stm32.13.3.rel1.win32_1.0.0.202411081344/tools/bin/../lib/gcc/arm-none-eabi/13.3.1/../../../../arm-none-eabi/lib/thumb/v8-m.main+fp/hard\libc_nano.a(libc_a-reent.o)
                0x20000320                errno
 .bss.__lock___malloc_recursive_mutex
                0x20000324        0x1 C:/ST/STM32CubeIDE_1.13.2/STM32CubeIDE/plugins/com.st.stm32cube.ide.mcu.externaltools.gnu-tools-for-stm32.13.3.rel1.win32_1.0.0.202411081344/tools/bin/../lib/gcc/arm-none-eabi/13.3.1/../../../../arm-none-eabi/lib/thumb/v8-m.main+fp/hard\libc_nano.a(libc_a-lock.o)
                0x20000324                __lock___malloc_recursive_mutex
 .bss.__lock___sfp_recursive_mutex
                0x20000325        0x1 C:/ST/STM32CubeIDE_1.13.2/STM32CubeIDE/plugins/com.st.stm32cube.ide.mcu.externaltools.gnu-tools-for-stm32.13.3.rel1.win32_1.0.0.202411081344/tools/bin/../lib/gcc/arm-none-eabi/13.3.1/../../../../arm-none-eabi/lib/thumb/v8-m.main+fp/hard\libc_nano.a(libc_a-lock.o)
                0x20000325                __lock___sfp_recursive_mutex
 *(COMMON)
                0x20000328                        . = ALIGN (0x4)
 *fill*         0x20000326        0x2 
                0x20000328                        _ebss = .
                0x20000328                        __bss_end__ = _ebss

._user_heap_stack
                0x20000328      0x600 load address 0x080148e8
                0x20000328                        . = ALIGN (0x8)
                [!provide]                        PROVIDE (end = .)
                0x20000328                        PROVIDE (_end = .)
                0x20000528                        . = (. + _Min_Heap_Size)
 *fill*         0x20000328      0x200 
                0x20000928                        . = (. + _Min_Stack_Size)
 *fill*         0x20000528      0x400 
                0x20000928                        . = ALIGN (0x8)

/DISCARD/
 libc.a(*)
 libm.a(*)
 libgcc.a(*)

.ARM.attributes
                0x00000000       0x36
 *(.ARM.attributes)
 .ARM.attributes
                0x00000000       0x26 C:/ST/STM32CubeIDE_1.13.2/STM32CubeIDE/plugins/com.st.stm32cube.ide.mcu.externaltools.gnu-tools-for-stm32.13.3.rel1.win32_1.0.0.202411081344/tools/bin/../lib/gcc/arm-none-eabi/13.3.1/thumb/v8-m.main+fp/hard/crti.o
 .ARM.attributes
                0x00000026       0x38 C:/ST/STM32CubeIDE_1.13.2/STM32CubeIDE/plugins/com.st.stm32cube.ide.mcu.externaltools.gnu-tools-for-stm32.13.3.rel1.win32_1.0.0.202411081344/tools/bin/../lib/gcc/arm-none-eabi/13.3.1/thumb/v8-m.main+fp/hard/crtbegin.o
 .ARM.attributes
                0x0000005e       0x3a ./Application/User/Core/gpio.o
 .ARM.attributes
                0x00000098       0x3a ./Application/User/Core/icache.o
 .ARM.attributes
                0x000000d2       0x3a ./Application/User/Core/lfs_config.o
 .ARM.attributes
                0x0000010c       0x3a ./Application/User/Core/main.o
 .ARM.attributes
                0x00000146       0x3a ./Application/User/Core/octospi.o
 .ARM.attributes
                0x00000180       0x3a ./Application/User/Core/stm32h5xx_hal_msp.o
 .ARM.attributes
                0x000001ba       0x3a ./Application/User/Core/stm32h5xx_it.o
 .ARM.attributes
                0x000001f4       0x3a ./Application/User/Core/syscalls.o
 .ARM.attributes
                0x0000022e       0x3a ./Application/User/Core/sysmem.o
 .ARM.attributes
                0x00000268       0x3a ./Application/User/Core/usart.o
 .ARM.attributes
                0x000002a2       0x3a ./Application/User/Core/xspi_driver.o
 .ARM.attributes
                0x000002dc       0x24 ./Application/User/Startup/startup_stm32h573iikxq.o
 .ARM.attributes
                0x00000300       0x3a ./Drivers/BSP/Components/mx25lm51245g/mx25lm51245g.o
 .ARM.attributes
                0x0000033a       0x3a ./Drivers/BSP/STM32H573I-DK/stm32h573i_discovery_ospi.o
 .ARM.attributes
                0x00000374       0x3a ./Drivers/CMSIS/system_stm32h5xx.o
 .ARM.attributes
                0x000003ae       0x3a ./Drivers/STM32H5xx_HAL_Driver/stm32h5xx_hal.o
 .ARM.attributes
                0x000003e8       0x3a ./Drivers/STM32H5xx_HAL_Driver/stm32h5xx_hal_cortex.o
 .ARM.attributes
                0x00000422       0x3a ./Drivers/STM32H5xx_HAL_Driver/stm32h5xx_hal_dma.o
 .ARM.attributes
                0x0000045c       0x3a ./Drivers/STM32H5xx_HAL_Driver/stm32h5xx_hal_gpio.o
 .ARM.attributes
                0x00000496       0x3a ./Drivers/STM32H5xx_HAL_Driver/stm32h5xx_hal_icache.o
 .ARM.attributes
                0x000004d0       0x3a ./Drivers/STM32H5xx_HAL_Driver/stm32h5xx_hal_rcc.o
 .ARM.attributes
                0x0000050a       0x3a ./Drivers/STM32H5xx_HAL_Driver/stm32h5xx_hal_rcc_ex.o
 .ARM.attributes
                0x00000544       0x3a ./Drivers/STM32H5xx_HAL_Driver/stm32h5xx_hal_uart.o
 .ARM.attributes
                0x0000057e       0x3a ./Drivers/STM32H5xx_HAL_Driver/stm32h5xx_hal_uart_ex.o
 .ARM.attributes
                0x000005b8       0x3a ./Drivers/STM32H5xx_HAL_Driver/stm32h5xx_hal_xspi.o
 .ARM.attributes
                0x000005f2       0x3a ./Drivers/STM32H5xx_HAL_Driver/stm32h5xx_ll_dlyb.o
 .ARM.attributes
                0x0000062c       0x3a ./Middlewares/LittleFS/Src/lfs.o
 .ARM.attributes
                0x00000666       0x3a ./Middlewares/LittleFS/Src/lfs_util.o
 .ARM.attributes
                0x000006a0       0x38 C:/ST/STM32CubeIDE_1.13.2/STM32CubeIDE/plugins/com.st.stm32cube.ide.mcu.externaltools.gnu-tools-for-stm32.13.3.rel1.win32_1.0.0.202411081344/tools/bin/../lib/gcc/arm-none-eabi/13.3.1/../../../../arm-none-eabi/lib/thumb/v8-m.main+fp/hard\libc_nano.a(libc_a-assert.o)
 .ARM.attributes
                0x000006d8       0x38 C:/ST/STM32CubeIDE_1.13.2/STM32CubeIDE/plugins/com.st.stm32cube.ide.mcu.externaltools.gnu-tools-for-stm32.13.3.rel1.win32_1.0.0.202411081344/tools/bin/../lib/gcc/arm-none-eabi/13.3.1/../../../../arm-none-eabi/lib/thumb/v8-m.main+fp/hard\libc_nano.a(libc_a-malloc.o)
 .ARM.attributes
                0x00000710       0x38 C:/ST/STM32CubeIDE_1.13.2/STM32CubeIDE/plugins/com.st.stm32cube.ide.mcu.externaltools.gnu-tools-for-stm32.13.3.rel1.win32_1.0.0.202411081344/tools/bin/../lib/gcc/arm-none-eabi/13.3.1/../../../../arm-none-eabi/lib/thumb/v8-m.main+fp/hard\libc_nano.a(libc_a-mallocr.o)
 .ARM.attributes
                0x00000748       0x38 C:/ST/STM32CubeIDE_1.13.2/STM32CubeIDE/plugins/com.st.stm32cube.ide.mcu.externaltools.gnu-tools-for-stm32.13.3.rel1.win32_1.0.0.202411081344/tools/bin/../lib/gcc/arm-none-eabi/13.3.1/../../../../arm-none-eabi/lib/thumb/v8-m.main+fp/hard\libc_nano.a(libc_a-mlock.o)
 .ARM.attributes
                0x00000780       0x38 C:/ST/STM32CubeIDE_1.13.2/STM32CubeIDE/plugins/com.st.stm32cube.ide.mcu.externaltools.gnu-tools-for-stm32.13.3.rel1.win32_1.0.0.202411081344/tools/bin/../lib/gcc/arm-none-eabi/13.3.1/../../../../arm-none-eabi/lib/thumb/v8-m.main+fp/hard\libc_nano.a(libc_a-findfp.o)
 .ARM.attributes
                0x000007b8       0x38 C:/ST/STM32CubeIDE_1.13.2/STM32CubeIDE/plugins/com.st.stm32cube.ide.mcu.externaltools.gnu-tools-for-stm32.13.3.rel1.win32_1.0.0.202411081344/tools/bin/../lib/gcc/arm-none-eabi/13.3.1/../../../../arm-none-eabi/lib/thumb/v8-m.main+fp/hard\libc_nano.a(libc_a-fprintf.o)
 .ARM.attributes
                0x000007f0       0x38 C:/ST/STM32CubeIDE_1.13.2/STM32CubeIDE/plugins/com.st.stm32cube.ide.mcu.externaltools.gnu-tools-for-stm32.13.3.rel1.win32_1.0.0.202411081344/tools/bin/../lib/gcc/arm-none-eabi/13.3.1/../../../../arm-none-eabi/lib/thumb/v8-m.main+fp/hard\libc_nano.a(libc_a-fwalk.o)
 .ARM.attributes
                0x00000828       0x38 C:/ST/STM32CubeIDE_1.13.2/STM32CubeIDE/plugins/com.st.stm32cube.ide.mcu.externaltools.gnu-tools-for-stm32.13.3.rel1.win32_1.0.0.202411081344/tools/bin/../lib/gcc/arm-none-eabi/13.3.1/../../../../arm-none-eabi/lib/thumb/v8-m.main+fp/hard\libc_nano.a(libc_a-printf.o)
 .ARM.attributes
                0x00000860       0x38 C:/ST/STM32CubeIDE_1.13.2/STM32CubeIDE/plugins/com.st.stm32cube.ide.mcu.externaltools.gnu-tools-for-stm32.13.3.rel1.win32_1.0.0.202411081344/tools/bin/../lib/gcc/arm-none-eabi/13.3.1/../../../../arm-none-eabi/lib/thumb/v8-m.main+fp/hard\libc_nano.a(libc_a-stdio.o)
 .ARM.attributes
                0x00000898       0x38 C:/ST/STM32CubeIDE_1.13.2/STM32CubeIDE/plugins/com.st.stm32cube.ide.mcu.externaltools.gnu-tools-for-stm32.13.3.rel1.win32_1.0.0.202411081344/tools/bin/../lib/gcc/arm-none-eabi/13.3.1/../../../../arm-none-eabi/lib/thumb/v8-m.main+fp/hard\libc_nano.a(libc_a-memcmp.o)
 .ARM.attributes