../../Drivers/STM32H5xx_HAL_Driver/Inc/stm32h5xx_ll_dlyb.h:93:22:LL_DLYB_Enable	16	static
../../Drivers/STM32H5xx_HAL_Driver/Inc/stm32h5xx_ll_dlyb.h:103:22:LL_DLYB_Disable	16	static
C:/Users/hp/Desktop/pfa/littlefs_OSPI_project/Drivers/STM32H5xx_HAL_Driver/Src/stm32h5xx_hal_xspi.c:323:19:HAL_XSPI_Init	32	static
C:/Users/hp/Desktop/pfa/littlefs_OSPI_project/Drivers/STM32H5xx_HAL_Driver/Src/stm32h5xx_hal_xspi.c:456:13:HAL_XSPI_MspInit	16	static
C:/Users/hp/Desktop/pfa/littlefs_OSPI_project/Drivers/STM32H5xx_HAL_Driver/Src/stm32h5xx_hal_xspi.c:471:19:HAL_XSPI_DeInit	24	static
C:/Users/hp/Desktop/pfa/littlefs_OSPI_project/Drivers/STM32H5xx_HAL_Driver/Src/stm32h5xx_hal_xspi.c:514:13:HAL_XSPI_MspDeInit	16	static
C:/Users/hp/Desktop/pfa/littlefs_OSPI_project/Drivers/STM32H5xx_HAL_Driver/Src/stm32h5xx_hal_xspi.c:554:6:HAL_XSPI_IRQHandler	32	static
C:/Users/hp/Desktop/pfa/littlefs_OSPI_project/Drivers/STM32H5xx_HAL_Driver/Src/stm32h5xx_hal_xspi.c:794:19:HAL_XSPI_Command	48	static
C:/Users/hp/Desktop/pfa/littlefs_OSPI_project/Drivers/STM32H5xx_HAL_Driver/Src/stm32h5xx_hal_xspi.c:931:19:HAL_XSPI_Command_IT	32	static
C:/Users/hp/Desktop/pfa/littlefs_OSPI_project/Drivers/STM32H5xx_HAL_Driver/Src/stm32h5xx_hal_xspi.c:1021:19:HAL_XSPI_HyperbusCfg	48	static
C:/Users/hp/Desktop/pfa/littlefs_OSPI_project/Drivers/STM32H5xx_HAL_Driver/Src/stm32h5xx_hal_xspi.c:1072:19:HAL_XSPI_HyperbusCmd	40	static
C:/Users/hp/Desktop/pfa/littlefs_OSPI_project/Drivers/STM32H5xx_HAL_Driver/Src/stm32h5xx_hal_xspi.c:1138:19:HAL_XSPI_Transmit	48	static
C:/Users/hp/Desktop/pfa/littlefs_OSPI_project/Drivers/STM32H5xx_HAL_Driver/Src/stm32h5xx_hal_xspi.c:1210:19:HAL_XSPI_Receive	56	static
C:/Users/hp/Desktop/pfa/littlefs_OSPI_project/Drivers/STM32H5xx_HAL_Driver/Src/stm32h5xx_hal_xspi.c:1300:19:HAL_XSPI_Transmit_IT	24	static
C:/Users/hp/Desktop/pfa/littlefs_OSPI_project/Drivers/STM32H5xx_HAL_Driver/Src/stm32h5xx_hal_xspi.c:1349:19:HAL_XSPI_Receive_IT	32	static
C:/Users/hp/Desktop/pfa/littlefs_OSPI_project/Drivers/STM32H5xx_HAL_Driver/Src/stm32h5xx_hal_xspi.c:1421:19:HAL_XSPI_Transmit_DMA	32	static
C:/Users/hp/Desktop/pfa/littlefs_OSPI_project/Drivers/STM32H5xx_HAL_Driver/Src/stm32h5xx_hal_xspi.c:1604:19:HAL_XSPI_Receive_DMA	40	static
C:/Users/hp/Desktop/pfa/littlefs_OSPI_project/Drivers/STM32H5xx_HAL_Driver/Src/stm32h5xx_hal_xspi.c:1804:19:HAL_XSPI_AutoPolling	48	static
C:/Users/hp/Desktop/pfa/littlefs_OSPI_project/Drivers/STM32H5xx_HAL_Driver/Src/stm32h5xx_hal_xspi.c:1885:19:HAL_XSPI_AutoPolling_IT	40	static
C:/Users/hp/Desktop/pfa/littlefs_OSPI_project/Drivers/STM32H5xx_HAL_Driver/Src/stm32h5xx_hal_xspi.c:1958:19:HAL_XSPI_MemoryMapped	32	static
C:/Users/hp/Desktop/pfa/littlefs_OSPI_project/Drivers/STM32H5xx_HAL_Driver/Src/stm32h5xx_hal_xspi.c:2009:13:HAL_XSPI_ErrorCallback	16	static
C:/Users/hp/Desktop/pfa/littlefs_OSPI_project/Drivers/STM32H5xx_HAL_Driver/Src/stm32h5xx_hal_xspi.c:2024:13:HAL_XSPI_AbortCpltCallback	16	static
C:/Users/hp/Desktop/pfa/littlefs_OSPI_project/Drivers/STM32H5xx_HAL_Driver/Src/stm32h5xx_hal_xspi.c:2039:13:HAL_XSPI_FifoThresholdCallback	16	static
C:/Users/hp/Desktop/pfa/littlefs_OSPI_project/Drivers/STM32H5xx_HAL_Driver/Src/stm32h5xx_hal_xspi.c:2054:13:HAL_XSPI_CmdCpltCallback	16	static
C:/Users/hp/Desktop/pfa/littlefs_OSPI_project/Drivers/STM32H5xx_HAL_Driver/Src/stm32h5xx_hal_xspi.c:2069:13:HAL_XSPI_RxCpltCallback	16	static
C:/Users/hp/Desktop/pfa/littlefs_OSPI_project/Drivers/STM32H5xx_HAL_Driver/Src/stm32h5xx_hal_xspi.c:2084:13:HAL_XSPI_TxCpltCallback	16	static
C:/Users/hp/Desktop/pfa/littlefs_OSPI_project/Drivers/STM32H5xx_HAL_Driver/Src/stm32h5xx_hal_xspi.c:2099:13:HAL_XSPI_RxHalfCpltCallback	16	static
C:/Users/hp/Desktop/pfa/littlefs_OSPI_project/Drivers/STM32H5xx_HAL_Driver/Src/stm32h5xx_hal_xspi.c:2114:13:HAL_XSPI_TxHalfCpltCallback	16	static
C:/Users/hp/Desktop/pfa/littlefs_OSPI_project/Drivers/STM32H5xx_HAL_Driver/Src/stm32h5xx_hal_xspi.c:2129:13:HAL_XSPI_StatusMatchCallback	16	static
C:/Users/hp/Desktop/pfa/littlefs_OSPI_project/Drivers/STM32H5xx_HAL_Driver/Src/stm32h5xx_hal_xspi.c:2144:13:HAL_XSPI_TimeOutCallback	16	static
C:/Users/hp/Desktop/pfa/littlefs_OSPI_project/Drivers/STM32H5xx_HAL_Driver/Src/stm32h5xx_hal_xspi.c:2395:19:HAL_XSPI_Abort	32	static
C:/Users/hp/Desktop/pfa/littlefs_OSPI_project/Drivers/STM32H5xx_HAL_Driver/Src/stm32h5xx_hal_xspi.c:2471:19:HAL_XSPI_Abort_IT	24	static
C:/Users/hp/Desktop/pfa/littlefs_OSPI_project/Drivers/STM32H5xx_HAL_Driver/Src/stm32h5xx_hal_xspi.c:2563:19:HAL_XSPI_SetFifoThreshold	24	static
C:/Users/hp/Desktop/pfa/littlefs_OSPI_project/Drivers/STM32H5xx_HAL_Driver/Src/stm32h5xx_hal_xspi.c:2592:10:HAL_XSPI_GetFifoThreshold	16	static
C:/Users/hp/Desktop/pfa/littlefs_OSPI_project/Drivers/STM32H5xx_HAL_Driver/Src/stm32h5xx_hal_xspi.c:2602:19:HAL_XSPI_SetMemoryType	24	static
C:/Users/hp/Desktop/pfa/littlefs_OSPI_project/Drivers/STM32H5xx_HAL_Driver/Src/stm32h5xx_hal_xspi.c:2631:19:HAL_XSPI_SetDeviceSize	24	static
C:/Users/hp/Desktop/pfa/littlefs_OSPI_project/Drivers/STM32H5xx_HAL_Driver/Src/stm32h5xx_hal_xspi.c:2661:19:HAL_XSPI_SetClockPrescaler	24	static
C:/Users/hp/Desktop/pfa/littlefs_OSPI_project/Drivers/STM32H5xx_HAL_Driver/Src/stm32h5xx_hal_xspi.c:2690:19:HAL_XSPI_SetTimeout	16	static
C:/Users/hp/Desktop/pfa/littlefs_OSPI_project/Drivers/STM32H5xx_HAL_Driver/Src/stm32h5xx_hal_xspi.c:2701:10:HAL_XSPI_GetError	16	static
C:/Users/hp/Desktop/pfa/littlefs_OSPI_project/Drivers/STM32H5xx_HAL_Driver/Src/stm32h5xx_hal_xspi.c:2711:10:HAL_XSPI_GetState	16	static
C:/Users/hp/Desktop/pfa/littlefs_OSPI_project/Drivers/STM32H5xx_HAL_Driver/Src/stm32h5xx_hal_xspi.c:2742:19:HAL_XSPI_DLYB_SetConfig	24	static
C:/Users/hp/Desktop/pfa/littlefs_OSPI_project/Drivers/STM32H5xx_HAL_Driver/Src/stm32h5xx_hal_xspi.c:2781:19:HAL_XSPI_DLYB_GetConfig	24	static
C:/Users/hp/Desktop/pfa/littlefs_OSPI_project/Drivers/STM32H5xx_HAL_Driver/Src/stm32h5xx_hal_xspi.c:2804:19:HAL_XSPI_DLYB_GetClockPeriod	24	static
C:/Users/hp/Desktop/pfa/littlefs_OSPI_project/Drivers/STM32H5xx_HAL_Driver/Src/stm32h5xx_hal_xspi.c:2850:13:XSPI_DMACplt	24	static
C:/Users/hp/Desktop/pfa/littlefs_OSPI_project/Drivers/STM32H5xx_HAL_Driver/Src/stm32h5xx_hal_xspi.c:2867:13:XSPI_DMAHalfCplt	24	static
C:/Users/hp/Desktop/pfa/littlefs_OSPI_project/Drivers/STM32H5xx_HAL_Driver/Src/stm32h5xx_hal_xspi.c:2895:13:XSPI_DMAError	24	static
C:/Users/hp/Desktop/pfa/littlefs_OSPI_project/Drivers/STM32H5xx_HAL_Driver/Src/stm32h5xx_hal_xspi.c:2926:13:XSPI_DMAAbortCplt	24	static
C:/Users/hp/Desktop/pfa/littlefs_OSPI_project/Drivers/STM32H5xx_HAL_Driver/Src/stm32h5xx_hal_xspi.c:2981:26:XSPI_WaitFlagStateUntilTimeout	24	static
C:/Users/hp/Desktop/pfa/littlefs_OSPI_project/Drivers/STM32H5xx_HAL_Driver/Src/stm32h5xx_hal_xspi.c:3008:26:XSPI_ConfigCmd	40	static
