../Drivers/BSP/Components/cs42l51/cs42l51.c:95:9:CS42L51_Init	24	static
../Drivers/BSP/Components/cs42l51/cs42l51.c:225:9:CS42L51_DeInit	16	static
../Drivers/BSP/Components/cs42l51/cs42l51.c:241:9:CS42L51_ReadID	24	static
../Drivers/BSP/Components/cs42l51/cs42l51.c:263:9:CS42L51_Play	24	static
../Drivers/BSP/Components/cs42l51/cs42l51.c:346:9:CS42L51_Pause	16	static
../Drivers/BSP/Components/cs42l51/cs42l51.c:362:9:CS42L51_Resume	16	static
../Drivers/BSP/Components/cs42l51/cs42l51.c:381:9:CS42L51_Stop	24	static
../Drivers/BSP/Components/cs42l51/cs42l51.c:429:9:CS42L51_SetVolume	32	static
../Drivers/BSP/Components/cs42l51/cs42l51.c:463:9:CS42L51_GetVolume	32	static
../Drivers/BSP/Components/cs42l51/cs42l51.c:488:9:CS42L51_SetMute	24	static
../Drivers/BSP/Components/cs42l51/cs42l51.c:522:9:CS42L51_SetOutputMode	16	static
../Drivers/BSP/Components/cs42l51/cs42l51.c:540:9:CS42L51_SetResolution	16	static
../Drivers/BSP/Components/cs42l51/cs42l51.c:554:9:CS42L51_GetResolution	16	static
../Drivers/BSP/Components/cs42l51/cs42l51.c:571:9:CS42L51_SetProtocol	16	static
../Drivers/BSP/Components/cs42l51/cs42l51.c:586:9:CS42L51_GetProtocol	16	static
../Drivers/BSP/Components/cs42l51/cs42l51.c:601:9:CS42L51_SetFrequency	16	static
../Drivers/BSP/Components/cs42l51/cs42l51.c:616:9:CS42L51_GetFrequency	16	static
../Drivers/BSP/Components/cs42l51/cs42l51.c:630:9:CS42L51_Reset	16	static
../Drivers/BSP/Components/cs42l51/cs42l51.c:647:9:CS42L51_RegisterBusIO	24	static
../Drivers/BSP/Components/cs42l51/cs42l51.c:689:16:CS42L51_ReadRegWrap	40	static
../Drivers/BSP/Components/cs42l51/cs42l51.c:704:16:CS42L51_WriteRegWrap	40	static
