C:/Users/hp/Desktop/pfa/littlefs_OSPI_project/littlefs-2.10.2/littlefs-2.10.2/lfs_util.h:126:24:lfs_max	16	static
C:/Users/hp/Desktop/pfa/littlefs_OSPI_project/littlefs-2.10.2/littlefs-2.10.2/lfs_util.h:130:24:lfs_min	16	static
C:/Users/hp/Desktop/pfa/littlefs_OSPI_project/littlefs-2.10.2/littlefs-2.10.2/lfs_util.h:135:24:lfs_aligndown	16	static
C:/Users/hp/Desktop/pfa/littlefs_OSPI_project/littlefs-2.10.2/littlefs-2.10.2/lfs_util.h:139:24:lfs_alignup	16	static
C:/Users/hp/Desktop/pfa/littlefs_OSPI_project/littlefs-2.10.2/littlefs-2.10.2/lfs_util.h:144:24:lfs_npw2	16	static
C:/Users/hp/Desktop/pfa/littlefs_OSPI_project/littlefs-2.10.2/littlefs-2.10.2/lfs_util.h:161:24:lfs_ctz	16	static
C:/Users/hp/Desktop/pfa/littlefs_OSPI_project/littlefs-2.10.2/littlefs-2.10.2/lfs_util.h:170:24:lfs_popc	16	static
C:/Users/hp/Desktop/pfa/littlefs_OSPI_project/littlefs-2.10.2/littlefs-2.10.2/lfs_util.h:182:19:lfs_scmp	16	static
C:/Users/hp/Desktop/pfa/littlefs_OSPI_project/littlefs-2.10.2/littlefs-2.10.2/lfs_util.h:187:24:lfs_fromle32	16	static
C:/Users/hp/Desktop/pfa/littlefs_OSPI_project/littlefs-2.10.2/littlefs-2.10.2/lfs_util.h:205:24:lfs_tole32	16	static
C:/Users/hp/Desktop/pfa/littlefs_OSPI_project/littlefs-2.10.2/littlefs-2.10.2/lfs_util.h:210:24:lfs_frombe32	16	static
C:/Users/hp/Desktop/pfa/littlefs_OSPI_project/littlefs-2.10.2/littlefs-2.10.2/lfs_util.h:228:24:lfs_tobe32	16	static
C:/Users/hp/Desktop/pfa/littlefs_OSPI_project/littlefs-2.10.2/littlefs-2.10.2/lfs_util.h:245:21:lfs_malloc	16	static
C:/Users/hp/Desktop/pfa/littlefs_OSPI_project/littlefs-2.10.2/littlefs-2.10.2/lfs_util.h:257:20:lfs_free	16	static
../Middlewares/LittleFS/Src/lfs.c:31:20:lfs_cache_drop	16	static
../Middlewares/LittleFS/Src/lfs.c:38:20:lfs_cache_zero	16	static
../Middlewares/LittleFS/Src/lfs.c:44:12:lfs_bd_read	56	static
../Middlewares/LittleFS/Src/lfs.c:127:12:lfs_bd_cmp	72	static
../Middlewares/LittleFS/Src/lfs.c:154:12:lfs_bd_crc	64	static
../Middlewares/LittleFS/Src/lfs.c:176:12:lfs_bd_flush	64	static
../Middlewares/LittleFS/Src/lfs.c:211:12:lfs_bd_sync	32	static
../Middlewares/LittleFS/Src/lfs.c:227:12:lfs_bd_prog	40	static
../Middlewares/LittleFS/Src/lfs.c:275:12:lfs_bd_erase	24	static
../Middlewares/LittleFS/Src/lfs.c:287:26:lfs_path_namelen	16	static
../Middlewares/LittleFS/Src/lfs.c:291:20:lfs_path_islast	24	static
../Middlewares/LittleFS/Src/lfs.c:296:20:lfs_path_isdir	16	static
../Middlewares/LittleFS/Src/lfs.c:301:20:lfs_pair_swap	24	static
../Middlewares/LittleFS/Src/lfs.c:307:20:lfs_pair_isnull	16	static
../Middlewares/LittleFS/Src/lfs.c:311:19:lfs_pair_cmp	16	static
../Middlewares/LittleFS/Src/lfs.c:318:20:lfs_pair_issync	16	static
../Middlewares/LittleFS/Src/lfs.c:325:20:lfs_pair_fromle32	24	static
../Middlewares/LittleFS/Src/lfs.c:331:20:lfs_pair_tole32	24	static
../Middlewares/LittleFS/Src/lfs.c:350:20:lfs_tag_isvalid	16	static
../Middlewares/LittleFS/Src/lfs.c:354:20:lfs_tag_isdelete	16	static
../Middlewares/LittleFS/Src/lfs.c:358:24:lfs_tag_type1	16	static
../Middlewares/LittleFS/Src/lfs.c:362:24:lfs_tag_type2	16	static
../Middlewares/LittleFS/Src/lfs.c:366:24:lfs_tag_type3	16	static
../Middlewares/LittleFS/Src/lfs.c:370:23:lfs_tag_chunk	16	static
../Middlewares/LittleFS/Src/lfs.c:374:22:lfs_tag_splice	16	static
../Middlewares/LittleFS/Src/lfs.c:378:24:lfs_tag_id	16	static
../Middlewares/LittleFS/Src/lfs.c:382:26:lfs_tag_size	16	static
../Middlewares/LittleFS/Src/lfs.c:386:26:lfs_tag_dsize	16	static
../Middlewares/LittleFS/Src/lfs.c:406:20:lfs_gstate_xor	16	static
../Middlewares/LittleFS/Src/lfs.c:412:20:lfs_gstate_iszero	16	static
../Middlewares/LittleFS/Src/lfs.c:419:20:lfs_gstate_hasorphans	16	static
../Middlewares/LittleFS/Src/lfs.c:423:23:lfs_gstate_getorphans	16	static
../Middlewares/LittleFS/Src/lfs.c:427:20:lfs_gstate_hasmove	16	static
../Middlewares/LittleFS/Src/lfs.c:432:20:lfs_gstate_needssuperblock	16	static
../Middlewares/LittleFS/Src/lfs.c:436:20:lfs_gstate_hasmovehere	16	static
../Middlewares/LittleFS/Src/lfs.c:441:20:lfs_gstate_fromle32	16	static
../Middlewares/LittleFS/Src/lfs.c:448:20:lfs_gstate_tole32	16	static
../Middlewares/LittleFS/Src/lfs.c:461:13:lfs_fcrc_fromle32	16	static
../Middlewares/LittleFS/Src/lfs.c:467:13:lfs_fcrc_tole32	16	static
../Middlewares/LittleFS/Src/lfs.c:474:13:lfs_ctz_fromle32	16	static
../Middlewares/LittleFS/Src/lfs.c:480:13:lfs_ctz_tole32	16	static
../Middlewares/LittleFS/Src/lfs.c:486:20:lfs_superblock_fromle32	16	static
../Middlewares/LittleFS/Src/lfs.c:496:20:lfs_superblock_tole32	16	static
../Middlewares/LittleFS/Src/lfs.c:507:13:lfs_mlist_isopen	24	static
../Middlewares/LittleFS/Src/lfs.c:519:13:lfs_mlist_remove	24	static
../Middlewares/LittleFS/Src/lfs.c:528:13:lfs_mlist_append	16	static
../Middlewares/LittleFS/Src/lfs.c:534:17:lfs_fs_disk_version	16	static
../Middlewares/LittleFS/Src/lfs.c:546:17:lfs_fs_disk_version_major	16	static
../Middlewares/LittleFS/Src/lfs.c:551:17:lfs_fs_disk_version_minor	16	static
../Middlewares/LittleFS/Src/lfs.c:613:13:lfs_alloc_ckpoint	16	static
../Middlewares/LittleFS/Src/lfs.c:619:13:lfs_alloc_drop	16	static
../Middlewares/LittleFS/Src/lfs.c:626:12:lfs_alloc_lookahead	24	static
../Middlewares/LittleFS/Src/lfs.c:640:12:lfs_alloc_scan	24	static
../Middlewares/LittleFS/Src/lfs.c:665:12:lfs_alloc	32	static
../Middlewares/LittleFS/Src/lfs.c:718:19:lfs_dir_getslice	72	static
../Middlewares/LittleFS/Src/lfs.c:783:19:lfs_dir_get	40	static
../Middlewares/LittleFS/Src/lfs.c:790:12:lfs_dir_getread	56	static
../Middlewares/LittleFS/Src/lfs.c:852:12:lfs_dir_traverse_filter	40	static
../Middlewares/LittleFS/Src/lfs.c:912:12:lfs_dir_traverse	272	static
../Middlewares/LittleFS/Src/lfs.c:1107:19:lfs_dir_fetchmatch	168	static
../Middlewares/LittleFS/Src/lfs.c:1386:12:lfs_dir_fetch	40	static
../Middlewares/LittleFS/Src/lfs.c:1394:12:lfs_dir_getgstate	48	static
../Middlewares/LittleFS/Src/lfs.c:1412:12:lfs_dir_getinfo	48	static
../Middlewares/LittleFS/Src/lfs.c:1452:12:lfs_dir_find_match	72	static
../Middlewares/LittleFS/Src/lfs.c:1482:19:lfs_dir_find	80	static
../Middlewares/LittleFS/Src/lfs.c:1603:12:lfs_dir_commitprog	56	static
../Middlewares/LittleFS/Src/lfs.c:1620:12:lfs_dir_commitattr	72	static
../Middlewares/LittleFS/Src/lfs.c:1668:12:lfs_dir_commitcrc	104	static
../Middlewares/LittleFS/Src/lfs.c:1814:12:lfs_dir_alloc	48	static
../Middlewares/LittleFS/Src/lfs.c:1858:12:lfs_dir_drop	48	static
../Middlewares/LittleFS/Src/lfs.c:1879:12:lfs_dir_split	80	static
../Middlewares/LittleFS/Src/lfs.c:1914:12:lfs_dir_commit_size	32	static
../Middlewares/LittleFS/Src/lfs.c:1931:12:lfs_dir_commit_commit	32	static
../Middlewares/LittleFS/Src/lfs.c:1938:13:lfs_dir_needsrelocation	16	static
../Middlewares/LittleFS/Src/lfs.c:1951:12:lfs_dir_compact	152	static
../Middlewares/LittleFS/Src/lfs.c:2124:12:lfs_dir_splittingcompact	112	static
../Middlewares/LittleFS/Src/lfs.c:2233:12:lfs_dir_relocatingcommit	168	static
../Middlewares/LittleFS/Src/lfs.c:2407:12:lfs_dir_orphaningcommit	256	static
../Middlewares/LittleFS/Src/lfs.c:2600:12:lfs_dir_commit	32	static
../Middlewares/LittleFS/Src/lfs.c:2624:12:lfs_mkdir_	240	static
../Middlewares/LittleFS/Src/lfs.c:2720:12:lfs_dir_open_	64	static
../Middlewares/LittleFS/Src/lfs.c:2764:12:lfs_dir_close_	16	static
../Middlewares/LittleFS/Src/lfs.c:2771:12:lfs_dir_read_	32	static
../Middlewares/LittleFS/Src/lfs.c:2816:12:lfs_dir_seek_	32	static
../Middlewares/LittleFS/Src/lfs.c:2853:19:lfs_dir_tell_	16	static
../Middlewares/LittleFS/Src/lfs.c:2858:12:lfs_dir_rewind_	24	static
../Middlewares/LittleFS/Src/lfs.c:2872:12:lfs_ctz_index	40	static
../Middlewares/LittleFS/Src/lfs.c:2885:12:lfs_ctz_find	72	static
../Middlewares/LittleFS/Src/lfs.c:2920:12:lfs_ctz_extend	80	static
../Middlewares/LittleFS/Src/lfs.c:3019:12:lfs_ctz_traverse	72	static
../Middlewares/LittleFS/Src/lfs.c:3064:12:lfs_file_opencfg_	120	static
../Middlewares/LittleFS/Src/lfs.c:3237:12:lfs_file_open_	40	static
../Middlewares/LittleFS/Src/lfs.c:3245:12:lfs_file_close_	24	static
../Middlewares/LittleFS/Src/lfs.c:3265:12:lfs_file_relocate	64	static
../Middlewares/LittleFS/Src/lfs.c:3336:12:lfs_file_outline	24	static
../Middlewares/LittleFS/Src/lfs.c:3349:12:lfs_file_flush	136	static
../Middlewares/LittleFS/Src/lfs.c:3430:12:lfs_file_sync_	72	static
../Middlewares/LittleFS/Src/lfs.c:3491:20:lfs_file_flushedread	80	static
../Middlewares/LittleFS/Src/lfs.c:3552:20:lfs_file_read_	32	static
../Middlewares/LittleFS/Src/lfs.c:3571:20:lfs_file_flushedwrite	80	static
../Middlewares/LittleFS/Src/lfs.c:3655:20:lfs_file_write_	48	static
../Middlewares/LittleFS/Src/lfs.c:3699:19:lfs_file_seek_	48	static
../Middlewares/LittleFS/Src/lfs.c:3752:12:lfs_file_truncate_	80	static
../Middlewares/LittleFS/Src/lfs.c:3834:19:lfs_file_tell_	16	static
../Middlewares/LittleFS/Src/lfs.c:3839:12:lfs_file_rewind_	24	static
../Middlewares/LittleFS/Src/lfs.c:3848:19:lfs_file_size_	16	static
../Middlewares/LittleFS/Src/lfs.c:3862:12:lfs_stat_	64	static
../Middlewares/LittleFS/Src/lfs.c:3879:12:lfs_remove_	136	static
../Middlewares/LittleFS/Src/lfs.c:3958:12:lfs_rename_	280	static
../Middlewares/LittleFS/Src/lfs.c:4102:20:lfs_getattr_	88	static
../Middlewares/LittleFS/Src/lfs.c:4136:12:lfs_commitattr	88	static
../Middlewares/LittleFS/Src/lfs.c:4160:12:lfs_setattr_	32	static
../Middlewares/LittleFS/Src/lfs.c:4171:12:lfs_removeattr_	32	static
../Middlewares/LittleFS/Src/lfs.c:4193:12:lfs_init	64	static
../Middlewares/LittleFS/Src/lfs.c:4366:12:lfs_deinit	16	static
../Middlewares/LittleFS/Src/lfs.c:4386:12:lfs_format_	136	static
../Middlewares/LittleFS/Src/lfs.c:4459:12:lfs_tortoise_detectcycles	16	static
../Middlewares/LittleFS/Src/lfs.c:4477:12:lfs_mount_	152	static
../Middlewares/LittleFS/Src/lfs.c:4642:12:lfs_unmount_	16	static
../Middlewares/LittleFS/Src/lfs.c:4648:12:lfs_fs_stat_	88	static
../Middlewares/LittleFS/Src/lfs.c:4688:5:lfs_fs_traverse_	144	static
../Middlewares/LittleFS/Src/lfs.c:4791:12:lfs_fs_pred	56	static
../Middlewares/LittleFS/Src/lfs.c:4830:12:lfs_fs_parent_match	72	static
../Middlewares/LittleFS/Src/lfs.c:4851:19:lfs_fs_parent	88	static
../Middlewares/LittleFS/Src/lfs.c:4883:13:lfs_fs_prepsuperblock	16	static
../Middlewares/LittleFS/Src/lfs.c:4889:12:lfs_fs_preporphans	24	static
../Middlewares/LittleFS/Src/lfs.c:4901:13:lfs_fs_prepmove	24	static
../Middlewares/LittleFS/Src/lfs.c:4911:12:lfs_fs_desuperblock	104	static
../Middlewares/LittleFS/Src/lfs.c:4950:12:lfs_fs_demove	96	static
../Middlewares/LittleFS/Src/lfs.c:4986:12:lfs_fs_deorphan	216	static
../Middlewares/LittleFS/Src/lfs.c:5117:12:lfs_fs_forceconsistency	24	static
../Middlewares/LittleFS/Src/lfs.c:5138:12:lfs_fs_mkconsistent_	64	static
../Middlewares/LittleFS/Src/lfs.c:5167:12:lfs_fs_size_count	24	static
../Middlewares/LittleFS/Src/lfs.c:5174:20:lfs_fs_size_	24	static
../Middlewares/LittleFS/Src/lfs.c:5186:12:lfs_fs_gc_	56	static
../Middlewares/LittleFS/Src/lfs.c:5236:12:lfs_fs_grow_	104	static
../Middlewares/LittleFS/Src/lfs.c:5940:5:lfs_format	24	static
../Middlewares/LittleFS/Src/lfs.c:5970:5:lfs_mount	24	static
../Middlewares/LittleFS/Src/lfs.c:5999:5:lfs_unmount	24	static
../Middlewares/LittleFS/Src/lfs.c:6014:5:lfs_remove	24	static
../Middlewares/LittleFS/Src/lfs.c:6030:5:lfs_rename	32	static
../Middlewares/LittleFS/Src/lfs.c:6045:5:lfs_stat	32	static
../Middlewares/LittleFS/Src/lfs.c:6059:13:lfs_getattr	40	static
../Middlewares/LittleFS/Src/lfs.c:6076:5:lfs_setattr	40	static
../Middlewares/LittleFS/Src/lfs.c:6094:5:lfs_removeattr	32	static
../Middlewares/LittleFS/Src/lfs.c:6110:5:lfs_file_open	32	static
../Middlewares/LittleFS/Src/lfs.c:6127:5:lfs_file_opencfg	40	static
../Middlewares/LittleFS/Src/lfs.c:6147:5:lfs_file_close	24	static
../Middlewares/LittleFS/Src/lfs.c:6163:5:lfs_file_sync	24	static
../Middlewares/LittleFS/Src/lfs.c:6179:13:lfs_file_read	32	static
../Middlewares/LittleFS/Src/lfs.c:6197:13:lfs_file_write	32	static
../Middlewares/LittleFS/Src/lfs.c:6215:12:lfs_file_seek	32	static
../Middlewares/LittleFS/Src/lfs.c:6233:5:lfs_file_truncate	32	static
../Middlewares/LittleFS/Src/lfs.c:6250:12:lfs_file_tell	24	static
../Middlewares/LittleFS/Src/lfs.c:6265:5:lfs_file_rewind	24	static
../Middlewares/LittleFS/Src/lfs.c:6279:12:lfs_file_size	24	static
../Middlewares/LittleFS/Src/lfs.c:6295:5:lfs_mkdir	24	static
../Middlewares/LittleFS/Src/lfs.c:6310:5:lfs_dir_open	32	static
../Middlewares/LittleFS/Src/lfs.c:6325:5:lfs_dir_close	24	static
../Middlewares/LittleFS/Src/lfs.c:6339:5:lfs_dir_read	32	static
../Middlewares/LittleFS/Src/lfs.c:6354:5:lfs_dir_seek	32	static
../Middlewares/LittleFS/Src/lfs.c:6369:12:lfs_dir_tell	24	static
../Middlewares/LittleFS/Src/lfs.c:6383:5:lfs_dir_rewind	24	static
../Middlewares/LittleFS/Src/lfs.c:6397:5:lfs_fs_stat	24	static
../Middlewares/LittleFS/Src/lfs.c:6411:13:lfs_fs_size	24	static
../Middlewares/LittleFS/Src/lfs.c:6425:5:lfs_fs_traverse	32	static
../Middlewares/LittleFS/Src/lfs.c:6441:5:lfs_fs_mkconsistent	24	static
../Middlewares/LittleFS/Src/lfs.c:6457:5:lfs_fs_gc	24	static
../Middlewares/LittleFS/Src/lfs.c:6473:5:lfs_fs_grow	24	static
